Archive member included to satisfy reference by file (symbol)

d:/stm32 cubeide/stm32cubeide_1.12.0/stm32cubeide/plugins/com.st.stm32cube.ide.mcu.externaltools.gnu-tools-for-stm32.10.3-2021.10.win32_1.0.200.202301161003/tools/bin/../lib/gcc/arm-none-eabi/10.3.1/../../../../arm-none-eabi/lib/thumb/v7e-m+fp/hard\libc_nano.a(lib_a-errno.o)
                              ./Core/Src/syscalls.o (__errno)
d:/stm32 cubeide/stm32cubeide_1.12.0/stm32cubeide/plugins/com.st.stm32cube.ide.mcu.externaltools.gnu-tools-for-stm32.10.3-2021.10.win32_1.0.200.202301161003/tools/bin/../lib/gcc/arm-none-eabi/10.3.1/../../../../arm-none-eabi/lib/thumb/v7e-m+fp/hard\libc_nano.a(lib_a-exit.o)
                              d:/stm32 cubeide/stm32cubeide_1.12.0/stm32cubeide/plugins/com.st.stm32cube.ide.mcu.externaltools.gnu-tools-for-stm32.10.3-2021.10.win32_1.0.200.202301161003/tools/bin/../lib/gcc/arm-none-eabi/10.3.1/../../../../arm-none-eabi/lib/thumb/v7e-m+fp/hard/crt0.o (exit)
d:/stm32 cubeide/stm32cubeide_1.12.0/stm32cubeide/plugins/com.st.stm32cube.ide.mcu.externaltools.gnu-tools-for-stm32.10.3-2021.10.win32_1.0.200.202301161003/tools/bin/../lib/gcc/arm-none-eabi/10.3.1/../../../../arm-none-eabi/lib/thumb/v7e-m+fp/hard\libc_nano.a(lib_a-impure.o)
                              d:/stm32 cubeide/stm32cubeide_1.12.0/stm32cubeide/plugins/com.st.stm32cube.ide.mcu.externaltools.gnu-tools-for-stm32.10.3-2021.10.win32_1.0.200.202301161003/tools/bin/../lib/gcc/arm-none-eabi/10.3.1/../../../../arm-none-eabi/lib/thumb/v7e-m+fp/hard\libc_nano.a(lib_a-exit.o) (_global_impure_ptr)
d:/stm32 cubeide/stm32cubeide_1.12.0/stm32cubeide/plugins/com.st.stm32cube.ide.mcu.externaltools.gnu-tools-for-stm32.10.3-2021.10.win32_1.0.200.202301161003/tools/bin/../lib/gcc/arm-none-eabi/10.3.1/../../../../arm-none-eabi/lib/thumb/v7e-m+fp/hard\libc_nano.a(lib_a-init.o)
                              d:/stm32 cubeide/stm32cubeide_1.12.0/stm32cubeide/plugins/com.st.stm32cube.ide.mcu.externaltools.gnu-tools-for-stm32.10.3-2021.10.win32_1.0.200.202301161003/tools/bin/../lib/gcc/arm-none-eabi/10.3.1/../../../../arm-none-eabi/lib/thumb/v7e-m+fp/hard/crt0.o (__libc_init_array)
d:/stm32 cubeide/stm32cubeide_1.12.0/stm32cubeide/plugins/com.st.stm32cube.ide.mcu.externaltools.gnu-tools-for-stm32.10.3-2021.10.win32_1.0.200.202301161003/tools/bin/../lib/gcc/arm-none-eabi/10.3.1/../../../../arm-none-eabi/lib/thumb/v7e-m+fp/hard\libc_nano.a(lib_a-malloc.o)
                              ./Core/Src/W25Q32/W25Q32.o (malloc)
d:/stm32 cubeide/stm32cubeide_1.12.0/stm32cubeide/plugins/com.st.stm32cube.ide.mcu.externaltools.gnu-tools-for-stm32.10.3-2021.10.win32_1.0.200.202301161003/tools/bin/../lib/gcc/arm-none-eabi/10.3.1/../../../../arm-none-eabi/lib/thumb/v7e-m+fp/hard\libc_nano.a(lib_a-memcpy-stub.o)
                              ./Core/Src/BME68x/common.o (memcpy)
d:/stm32 cubeide/stm32cubeide_1.12.0/stm32cubeide/plugins/com.st.stm32cube.ide.mcu.externaltools.gnu-tools-for-stm32.10.3-2021.10.win32_1.0.200.202301161003/tools/bin/../lib/gcc/arm-none-eabi/10.3.1/../../../../arm-none-eabi/lib/thumb/v7e-m+fp/hard\libc_nano.a(lib_a-memmove.o)
                              ./Core/Src/SSD1306/ssd1306_tests.o (memmove)
d:/stm32 cubeide/stm32cubeide_1.12.0/stm32cubeide/plugins/com.st.stm32cube.ide.mcu.externaltools.gnu-tools-for-stm32.10.3-2021.10.win32_1.0.200.202301161003/tools/bin/../lib/gcc/arm-none-eabi/10.3.1/../../../../arm-none-eabi/lib/thumb/v7e-m+fp/hard\libc_nano.a(lib_a-memset.o)
                              d:/stm32 cubeide/stm32cubeide_1.12.0/stm32cubeide/plugins/com.st.stm32cube.ide.mcu.externaltools.gnu-tools-for-stm32.10.3-2021.10.win32_1.0.200.202301161003/tools/bin/../lib/gcc/arm-none-eabi/10.3.1/../../../../arm-none-eabi/lib/thumb/v7e-m+fp/hard/crt0.o (memset)
d:/stm32 cubeide/stm32cubeide_1.12.0/stm32cubeide/plugins/com.st.stm32cube.ide.mcu.externaltools.gnu-tools-for-stm32.10.3-2021.10.win32_1.0.200.202301161003/tools/bin/../lib/gcc/arm-none-eabi/10.3.1/../../../../arm-none-eabi/lib/thumb/v7e-m+fp/hard\libc_nano.a(lib_a-nano-freer.o)
                              d:/stm32 cubeide/stm32cubeide_1.12.0/stm32cubeide/plugins/com.st.stm32cube.ide.mcu.externaltools.gnu-tools-for-stm32.10.3-2021.10.win32_1.0.200.202301161003/tools/bin/../lib/gcc/arm-none-eabi/10.3.1/../../../../arm-none-eabi/lib/thumb/v7e-m+fp/hard\libc_nano.a(lib_a-malloc.o) (_free_r)
d:/stm32 cubeide/stm32cubeide_1.12.0/stm32cubeide/plugins/com.st.stm32cube.ide.mcu.externaltools.gnu-tools-for-stm32.10.3-2021.10.win32_1.0.200.202301161003/tools/bin/../lib/gcc/arm-none-eabi/10.3.1/../../../../arm-none-eabi/lib/thumb/v7e-m+fp/hard\libc_nano.a(lib_a-nano-mallocr.o)
                              d:/stm32 cubeide/stm32cubeide_1.12.0/stm32cubeide/plugins/com.st.stm32cube.ide.mcu.externaltools.gnu-tools-for-stm32.10.3-2021.10.win32_1.0.200.202301161003/tools/bin/../lib/gcc/arm-none-eabi/10.3.1/../../../../arm-none-eabi/lib/thumb/v7e-m+fp/hard\libc_nano.a(lib_a-malloc.o) (_malloc_r)
[...]
Memory Configuration

Name             Origin             Length             Attributes
RAM              0x0000000020000000 0x0000000000020000 xrw
FLASH            0x0000000008000000 0x0000000000080000 xr
*default*        0x0000000000000000 0xffffffffffffffff

Linker script and memory map

LOAD d:/stm32 cubeide/stm32cubeide_1.12.0/stm32cubeide/plugins/com.st.stm32cube.ide.mcu.externaltools.gnu-tools-for-stm32.10.3-2021.10.win32_1.0.200.202301161003/tools/bin/../lib/gcc/arm-none-eabi/10.3.1/thumb/v7e-m+fp/hard/crti.o
LOAD d:/stm32 cubeide/stm32cubeide_1.12.0/stm32cubeide/plugins/com.st.stm32cube.ide.mcu.externaltools.gnu-tools-for-stm32.10.3-2021.10.win32_1.0.200.202301161003/tools/bin/../lib/gcc/arm-none-eabi/10.3.1/thumb/v7e-m+fp/hard/crtbegin.o
LOAD d:/stm32 cubeide/stm32cubeide_1.12.0/stm32cubeide/plugins/com.st.stm32cube.ide.mcu.externaltools.gnu-tools-for-stm32.10.3-2021.10.win32_1.0.200.202301161003/tools/bin/../lib/gcc/arm-none-eabi/10.3.1/../../../../arm-none-eabi/lib/thumb/v7e-m+fp/hard/crt0.o
LOAD ./Core/Src/BME68x/bme68x.o
LOAD ./Core/Src/BME68x/common.o
LOAD ./Core/Src/SSD1306/ssd1306.o
LOAD ./Core/Src/SSD1306/ssd1306_fonts.o
LOAD ./Core/Src/SSD1306/ssd1306_tests.o
LOAD ./Core/Src/W25Q32/W25Q32.o
LOAD ./Core/Src/freertos.o
LOAD ./Core/Src/main.o
LOAD ./Core/Src/stm32f4xx_hal_msp.o
LOAD ./Core/Src/stm32f4xx_it.o
LOAD ./Core/Src/syscalls.o
LOAD ./Core/Src/sysmem.o
LOAD ./Core/Src/system_stm32f4xx.o
LOAD ./Core/Startup/startup_stm32f411ceux.o
LOAD ./Drivers/STM32F4xx_HAL_Driver/Src/stm32f4xx_hal.o
LOAD ./Drivers/STM32F4xx_HAL_Driver/Src/stm32f4xx_hal_cortex.o
LOAD ./Drivers/STM32F4xx_HAL_Driver/Src/stm32f4xx_hal_dma.o
LOAD ./Drivers/STM32F4xx_HAL_Driver/Src/stm32f4xx_hal_dma_ex.o
LOAD ./Drivers/STM32F4xx_HAL_Driver/Src/stm32f4xx_hal_exti.o
LOAD ./Drivers/STM32F4xx_HAL_Driver/Src/stm32f4xx_hal_flash.o
LOAD ./Drivers/STM32F4xx_HAL_Driver/Src/stm32f4xx_hal_flash_ex.o
LOAD ./Drivers/STM32F4xx_HAL_Driver/Src/stm32f4xx_hal_flash_ramfunc.o
LOAD ./Drivers/STM32F4xx_HAL_Driver/Src/stm32f4xx_hal_gpio.o
LOAD ./Drivers/STM32F4xx_HAL_Driver/Src/stm32f4xx_hal_i2c.o
LOAD ./Drivers/STM32F4xx_HAL_Driver/Src/stm32f4xx_hal_i2c_ex.o
LOAD ./Drivers/STM32F4xx_HAL_Driver/Src/stm32f4xx_hal_pwr.o
LOAD ./Drivers/STM32F4xx_HAL_Driver/Src/stm32f4xx_hal_pwr_ex.o
LOAD ./Drivers/STM32F4xx_HAL_Driver/Src/stm32f4xx_hal_rcc.o
LOAD ./Drivers/STM32F4xx_HAL_Driver/Src/stm32f4xx_hal_rcc_ex.o
LOAD ./Drivers/STM32F4xx_HAL_Driver/Src/stm32f4xx_hal_spi.o
LOAD ./Drivers/STM32F4xx_HAL_Driver/Src/stm32f4xx_hal_tim.o
LOAD ./Drivers/STM32F4xx_HAL_Driver/Src/stm32f4xx_hal_tim_ex.o
LOAD ./Drivers/STM32F4xx_HAL_Driver/Src/stm32f4xx_hal_uart.o
LOAD ./Middlewares/Third_Party/FreeRTOS/Source/CMSIS_RTOS/cmsis_os.o
LOAD ./Middlewares/Third_Party/FreeRTOS/Source/croutine.o
LOAD ./Middlewares/Third_Party/FreeRTOS/Source/event_groups.o
LOAD ./Middlewares/Third_Party/FreeRTOS/Source/list.o
LOAD ./Middlewares/Third_Party/FreeRTOS/Source/queue.o
LOAD ./Middlewares/Third_Party/FreeRTOS/Source/stream_buffer.o
LOAD ./Middlewares/Third_Party/FreeRTOS/Source/tasks.o
LOAD ./Middlewares/Third_Party/FreeRTOS/Source/timers.o
LOAD ./Middlewares/Third_Party/FreeRTOS/Source/portable/GCC/ARM_CM4F/port.o
LOAD ./Middlewares/Third_Party/FreeRTOS/Source/portable/MemMang/heap_4.o
START GROUP
LOAD d:/stm32 cubeide/stm32cubeide_1.12.0/stm32cubeide/plugins/com.st.stm32cube.ide.mcu.externaltools.gnu-tools-for-stm32.10.3-2021.10.win32_1.0.200.202301161003/tools/bin/../lib/gcc/arm-none-eabi/10.3.1/../../../../arm-none-eabi/lib/thumb/v7e-m+fp/hard\libc_nano.a
LOAD d:/stm32 cubeide/stm32cubeide_1.12.0/stm32cubeide/plugins/com.st.stm32cube.ide.mcu.externaltools.gnu-tools-for-stm32.10.3-2021.10.win32_1.0.200.202301161003/tools/bin/../lib/gcc/arm-none-eabi/10.3.1/../../../../arm-none-eabi/lib/thumb/v7e-m+fp/hard\libm.a
END GROUP
START GROUP
LOAD d:/stm32 cubeide/stm32cubeide_1.12.0/stm32cubeide/plugins/com.st.stm32cube.ide.mcu.externaltools.gnu-tools-for-stm32.10.3-2021.10.win32_1.0.200.202301161003/tools/bin/../lib/gcc/arm-none-eabi/10.3.1/thumb/v7e-m+fp/hard\libgcc.a
LOAD d:/stm32 cubeide/stm32cubeide_1.12.0/stm32cubeide/plugins/com.st.stm32cube.ide.mcu.externaltools.gnu-tools-for-stm32.10.3-2021.10.win32_1.0.200.202301161003/tools/bin/../lib/gcc/arm-none-eabi/10.3.1/../../../../arm-none-eabi/lib/thumb/v7e-m+fp/hard\libc_nano.a
END GROUP
START GROUP
LOAD d:/stm32 cubeide/stm32cubeide_1.12.0/stm32cubeide/plugins/com.st.stm32cube.ide.mcu.externaltools.gnu-tools-for-stm32.10.3-2021.10.win32_1.0.200.202301161003/tools/bin/../lib/gcc/arm-none-eabi/10.3.1/thumb/v7e-m+fp/hard\libgcc.a
LOAD d:/stm32 cubeide/stm32cubeide_1.12.0/stm32cubeide/plugins/com.st.stm32cube.ide.mcu.externaltools.gnu-tools-for-stm32.10.3-2021.10.win32_1.0.200.202301161003/tools/bin/../lib/gcc/arm-none-eabi/10.3.1/../../../../arm-none-eabi/lib/thumb/v7e-m+fp/hard\libc_nano.a
LOAD d:/stm32 cubeide/stm32cubeide_1.12.0/stm32cubeide/plugins/com.st.stm32cube.ide.mcu.externaltools.gnu-tools-for-stm32.10.3-2021.10.win32_1.0.200.202301161003/tools/bin/../lib/gcc/arm-none-eabi/10.3.1/../../../../arm-none-eabi/lib/thumb/v7e-m+fp/hard\libnosys.a
END GROUP
START GROUP
LOAD d:/stm32 cubeide/stm32cubeide_1.12.0/stm32cubeide/plugins/com.st.stm32cube.ide.mcu.externaltools.gnu-tools-for-stm32.10.3-2021.10.win32_1.0.200.202301161003/tools/bin/../lib/gcc/arm-none-eabi/10.3.1/thumb/v7e-m+fp/hard\libgcc.a
LOAD d:/stm32 cubeide/stm32cubeide_1.12.0/stm32cubeide/plugins/com.st.stm32cube.ide.mcu.externaltools.gnu-tools-for-stm32.10.3-2021.10.win32_1.0.200.202301161003/tools/bin/../lib/gcc/arm-none-eabi/10.3.1/../../../../arm-none-eabi/lib/thumb/v7e-m+fp/hard\libc_nano.a
LOAD d:/stm32 cubeide/stm32cubeide_1.12.0/stm32cubeide/plugins/com.st.stm32cube.ide.mcu.externaltools.gnu-tools-for-stm32.10.3-2021.10.win32_1.0.200.202301161003/tools/bin/../lib/gcc/arm-none-eabi/10.3.1/../../../../arm-none-eabi/lib/thumb/v7e-m+fp/hard\libnosys.a
END GROUP
LOAD d:/stm32 cubeide/stm32cubeide_1.12.0/stm32cubeide/plugins/com.st.stm32cube.ide.mcu.externaltools.gnu-tools-for-stm32.10.3-2021.10.win32_1.0.200.202301161003/tools/bin/../lib/gcc/arm-none-eabi/10.3.1/thumb/v7e-m+fp/hard/crtend.o
LOAD d:/stm32 cubeide/stm32cubeide_1.12.0/stm32cubeide/plugins/com.st.stm32cube.ide.mcu.externaltools.gnu-tools-for-stm32.10.3-2021.10.win32_1.0.200.202301161003/tools/bin/../lib/gcc/arm-none-eabi/10.3.1/thumb/v7e-m+fp/hard/crtn.o
                0x0000000020020000                _estack = (ORIGIN (RAM) + LENGTH (RAM))
                0x0000000000000200                _Min_Heap_Size = 0x200
                0x0000000000000400                _Min_Stack_Size = 0x400

.isr_vector     0x0000000008000000      0x198
                0x0000000008000000                . = ALIGN (0x4)
 *(.isr_vector)
 .isr_vector    0x0000000008000000      0x198 ./Core/Startup/startup_stm32f411ceux.o
                0x0000000008000000                g_pfnVectors
                0x0000000008000198                . = ALIGN (0x4)

.text           0x00000000080001a0     0xd4d8
                0x00000000080001a0                . = ALIGN (0x4)
 *(.text)
 .text          0x00000000080001a0       0x40 d:/stm32 cubeide/stm32cubeide_1.12.0/stm32cubeide/plugins/com.st.stm32cube.ide.mcu.externaltools.gnu-tools-for-stm32.10.3-2021.10.win32_1.0.200.202301161003/tools/bin/../lib/gcc/arm-none-eabi/10.3.1/thumb/v7e-m+fp/hard/crtbegin.o
 .text          0x00000000080001e0       0x10 d:/stm32 cubeide/stm32cubeide_1.12.0/stm32cubeide/plugins/com.st.stm32cube.ide.mcu.externaltools.gnu-tools-for-stm32.10.3-2021.10.win32_1.0.200.202301161003/tools/bin/../lib/gcc/arm-none-eabi/10.3.1/../../../../arm-none-eabi/lib/thumb/v7e-m+fp/hard\libc_nano.a(lib_a-strlen.o)
                0x00000000080001e0                strlen
 .text          0x00000000080001f0       0xa0 d:/stm32 cubeide/stm32cubeide_1.12.0/stm32cubeide/plugins/com.st.stm32cube.ide.mcu.externaltools.gnu-tools-for-stm32.10.3-2021.10.win32_1.0.200.202301161003/tools/bin/../lib/gcc/arm-none-eabi/10.3.1/../../../../arm-none-eabi/lib/thumb/v7e-m+fp/hard\libc_nano.a(lib_a-memchr.o)
                0x00000000080001f0                memchr
 .text          0x0000000008000290      0x378 d:/stm32 cubeide/stm32cubeide_1.12.0/stm32cubeide/plugins/com.st.stm32cube.ide.mcu.externaltools.gnu-tools-for-stm32.10.3-2021.10.win32_1.0.200.202301161003/tools/bin/../lib/gcc/arm-none-eabi/10.3.1/thumb/v7e-m+fp/hard\libgcc.a(_arm_addsubdf3.o)
                0x0000000008000290                __aeabi_drsub
                0x0000000008000298                __aeabi_dsub
                0x0000000008000298                __subdf3
                0x000000000800029c                __aeabi_dadd
                0x000000000800029c                __adddf3
                0x0000000008000514                __floatunsidf
                0x0000000008000514                __aeabi_ui2d
                0x0000000008000534                __floatsidf
                0x0000000008000534                __aeabi_i2d
                0x0000000008000558                __aeabi_f2d
                0x0000000008000558                __extendsfdf2
                0x000000000800059c                __floatundidf
                0x000000000800059c                __aeabi_ul2d
                0x00000000080005ac                __floatdidf
                0x00000000080005ac                __aeabi_l2d
 .text          0x0000000008000608      0x424 d:/stm32 cubeide/stm32cubeide_1.12.0/stm32cubeide/plugins/com.st.stm32cube.ide.mcu.externaltools.gnu-tools-for-stm32.10.3-2021.10.win32_1.0.200.202301161003/tools/bin/../lib/gcc/arm-none-eabi/10.3.1/thumb/v7e-m+fp/hard\libgcc.a(_arm_muldivdf3.o)
                0x0000000008000608                __aeabi_dmul
                0x0000000008000608                __muldf3
                0x000000000800085c                __divdf3
                0x000000000800085c                __aeabi_ddiv
 .text          0x0000000008000a2c      0x110 d:/stm32 cubeide/stm32cubeide_1.12.0/stm32cubeide/plugins/com.st.stm32cube.ide.mcu.externaltools.gnu-tools-for-stm32.10.3-2021.10.win32_1.0.200.202301161003/tools/bin/../lib/gcc/arm-none-eabi/10.3.1/thumb/v7e-m+fp/hard\libgcc.a(_arm_cmpdf2.o)
                0x0000000008000a2c                __gtdf2
                0x0000000008000a2c                __gedf2
                0x0000000008000a34                __ltdf2
                0x0000000008000a34                __ledf2
                0x0000000008000a3c                __nedf2
                0x0000000008000a3c                __eqdf2
                0x0000000008000a3c                __cmpdf2
                0x0000000008000ab8                __aeabi_cdrcmple
                0x0000000008000ac8                __aeabi_cdcmpeq
                0x0000000008000ac8                __aeabi_cdcmple
                0x0000000008000ad8                __aeabi_dcmpeq
                0x0000000008000aec                __aeabi_dcmplt
                0x0000000008000b00                __aeabi_dcmple
                0x0000000008000b14                __aeabi_dcmpge
                0x0000000008000b28                __aeabi_dcmpgt
 .text          0x0000000008000b3c       0x2c d:/stm32 cubeide/stm32cubeide_1.12.0/stm32cubeide/plugins/com.st.stm32cube.ide.mcu.externaltools.gnu-tools-for-stm32.10.3-2021.10.win32_1.0.200.202301161003/tools/bin/../lib/gcc/arm-none-eabi/10.3.1/thumb/v7e-m+fp/hard\libgcc.a(_arm_unorddf2.o)
                0x0000000008000b3c                __unorddf2
                0x0000000008000b3c                __aeabi_dcmpun
 .text          0x0000000008000b68       0x50 d:/stm32 cubeide/stm32cubeide_1.12.0/stm32cubeide/plugins/com.st.stm32cube.ide.mcu.externaltools.gnu-tools-for-stm32.10.3-2021.10.win32_1.0.200.202301161003/tools/bin/../lib/gcc/arm-none-eabi/10.3.1/thumb/v7e-m+fp/hard\libgcc.a(_arm_fixdfsi.o)
                0x0000000008000b68                __aeabi_d2iz
                0x0000000008000b68                __fixdfsi
 .text          0x0000000008000bb8       0x40 d:/stm32 cubeide/stm32cubeide_1.12.0/stm32cubeide/plugins/com.st.stm32cube.ide.mcu.externaltools.gnu-tools-for-stm32.10.3-2021.10.win32_1.0.200.202301161003/tools/bin/../lib/gcc/arm-none-eabi/10.3.1/thumb/v7e-m+fp/hard\libgcc.a(_arm_fixunsdfsi.o)
                0x0000000008000bb8                __aeabi_d2uiz
                0x0000000008000bb8                __fixunsdfsi
 .text          0x0000000008000bf8       0xa0 d:/stm32 cubeide/stm32cubeide_1.12.0/stm32cubeide/plugins/com.st.stm32cube.ide.mcu.externaltools.gnu-tools-for-stm32.10.3-2021.10.win32_1.0.200.202301161003/tools/bin/../lib/gcc/arm-none-eabi/10.3.1/thumb/v7e-m+fp/hard\libgcc.a(_arm_truncdfsf2.o)
                0x0000000008000bf8                __truncdfsf2
                0x0000000008000bf8                __aeabi_d2f
 .text          0x0000000008000c98       0x30 d:/stm32 cubeide/stm32cubeide_1.12.0/stm32cubeide/plugins/com.st.stm32cube.ide.mcu.externaltools.gnu-tools-for-stm32.10.3-2021.10.win32_1.0.200.202301161003/tools/bin/../lib/gcc/arm-none-eabi/10.3.1/thumb/v7e-m+fp/hard\libgcc.a(_aeabi_uldivmod.o)
                0x0000000008000c98                __aeabi_uldivmod
 .text          0x0000000008000cc8       0x30 d:/stm32 cubeide/stm32cubeide_1.12.0/stm32cubeide/plugins/com.st.stm32cube.ide.mcu.externaltools.gnu-tools-for-stm32.10.3-2021.10.win32_1.0.200.202301161003/tools/bin/../lib/gcc/arm-none-eabi/10.3.1/thumb/v7e-m+fp/hard\libgcc.a(_fixdfdi.o)
                0x0000000008000cc8                __fixdfdi
                0x0000000008000cc8                __aeabi_d2lz
 .text          0x0000000008000cf8       0x3c d:/stm32 cubeide/stm32cubeide_1.12.0/stm32cubeide/plugins/com.st.stm32cube.ide.mcu.externaltools.gnu-tools-for-stm32.10.3-2021.10.win32_1.0.200.202301161003/tools/bin/../lib/gcc/arm-none-eabi/10.3.1/thumb/v7e-m+fp/hard\libgcc.a(_fixunsdfdi.o)
                0x0000000008000cf8                __fixunsdfdi
                0x0000000008000cf8                __aeabi_d2ulz
 .text          0x0000000008000d34      0x2d0 d:/stm32 cubeide/stm32cubeide_1.12.0/stm32cubeide/plugins/com.st.stm32cube.ide.mcu.externaltools.gnu-tools-for-stm32.10.3-2021.10.win32_1.0.200.202301161003/tools/bin/../lib/gcc/arm-none-eabi/10.3.1/thumb/v7e-m+fp/hard\libgcc.a(_udivmoddi4.o)
                0x0000000008000d34                __udivmoddi4
 .text          0x0000000008001004        0x4 d:/stm32 cubeide/stm32cubeide_1.12.0/stm32cubeide/plugins/com.st.stm32cube.ide.mcu.externaltools.gnu-tools-for-stm32.10.3-2021.10.win32_1.0.200.202301161003/tools/bin/../lib/gcc/arm-none-eabi/10.3.1/thumb/v7e-m+fp/hard\libgcc.a(_dvmd_tls.o)
                0x0000000008001004                __aeabi_idiv0
                0x0000000008001004                __aeabi_ldiv0
 *(.text*)
 .text.ssd1306_Reset
                0x0000000008001008        0xe ./Core/Src/SSD1306/ssd1306.o
                0x0000000008001008                ssd1306_Reset
 .text.ssd1306_WriteCommand
                0x0000000008001016       0x2e ./Core/Src/SSD1306/ssd1306.o
                0x0000000008001016                ssd1306_WriteCommand
 .text.ssd1306_WriteData
                0x0000000008001044       0x30 ./Core/Src/SSD1306/ssd1306.o
                0x0000000008001044                ssd1306_WriteData
 .text.ssd1306_Init
                0x0000000008001074      0x114 ./Core/Src/SSD1306/ssd1306.o
                0x0000000008001074                ssd1306_Init
 .text.ssd1306_Fill
                0x0000000008001188       0x48 ./Core/Src/SSD1306/ssd1306.o
                0x0000000008001188                ssd1306_Fill
 .text.ssd1306_UpdateScreen
                0x00000000080011d0       0x58 ./Core/Src/SSD1306/ssd1306.o
                0x00000000080011d0                ssd1306_UpdateScreen
 .text.ssd1306_DrawPixel
                0x0000000008001228       0xa8 ./Core/Src/SSD1306/ssd1306.o
                0x0000000008001228                ssd1306_DrawPixel
 .text.ssd1306_WriteChar
                0x00000000080012d0      0x110 ./Core/Src/SSD1306/ssd1306.o
                0x00000000080012d0                ssd1306_WriteChar
 .text.ssd1306_WriteString
                0x00000000080013e0       0x4c ./Core/Src/SSD1306/ssd1306.o
                0x00000000080013e0                ssd1306_WriteString
 .text.ssd1306_SetCursor
                0x000000000800142c       0x30 ./Core/Src/SSD1306/ssd1306.o
                0x000000000800142c                ssd1306_SetCursor
 .text.ssd1306_DrawBitmap
                0x000000000800145c       0xb6 ./Core/Src/SSD1306/ssd1306.o
                0x000000000800145c                ssd1306_DrawBitmap
 .text.ssd1306_SetContrast
                0x0000000008001512       0x2c ./Core/Src/SSD1306/ssd1306.o
                0x0000000008001512                ssd1306_SetContrast
 *fill*         0x000000000800153e        0x2 
 .text.ssd1306_SetDisplayOn
                0x0000000008001540       0x40 ./Core/Src/SSD1306/ssd1306.o
                0x0000000008001540                ssd1306_SetDisplayOn
 .text.ssd1306_wait
                0x0000000008001580       0x34 ./Core/Src/SSD1306/ssd1306_tests.o
                0x0000000008001580                ssd1306_wait
 .text.ssd1306_info
                0x00000000080015b4      0x12c ./Core/Src/SSD1306/ssd1306_tests.o
                0x00000000080015b4                ssd1306_info
 .text.W25Q32_Init
                0x00000000080016e0       0x38 ./Core/Src/W25Q32/W25Q32.o
                0x00000000080016e0                W25Q32_Init
 .text.W25Q32_CS_LOW
                0x0000000008001718       0x20 ./Core/Src/W25Q32/W25Q32.o
                0x0000000008001718                W25Q32_CS_LOW
 .text.W25Q32_CS_HIGH
                0x0000000008001738       0x20 ./Core/Src/W25Q32/W25Q32.o
                0x0000000008001738                W25Q32_CS_HIGH
 .text.WriteEnable
                0x0000000008001758       0x46 ./Core/Src/W25Q32/W25Q32.o
                0x0000000008001758                WriteEnable
 .text.WriteDisable
                0x000000000800179e       0x46 ./Core/Src/W25Q32/W25Q32.o
                0x000000000800179e                WriteDisable
 .text.W25Q32_WaitEndCycle
                0x00000000080017e4       0x70 ./Core/Src/W25Q32/W25Q32.o
                0x00000000080017e4                W25Q32_WaitEndCycle
 .text.W25Q32_Send_Receive
                0x0000000008001854       0x44 ./Core/Src/W25Q32/W25Q32.o
                0x0000000008001854                W25Q32_Send_Receive
 .text.W25Q32_ReadData
                0x0000000008001898       0x84 ./Core/Src/W25Q32/W25Q32.o
                0x0000000008001898                W25Q32_ReadData
 .text.W25Q32_WriteData
                0x000000000800191c       0xc0 ./Core/Src/W25Q32/W25Q32.o
                0x000000000800191c                W25Q32_WriteData
 .text.W25Q32_erase4k
                0x00000000080019dc       0x76 ./Core/Src/W25Q32/W25Q32.o
                0x00000000080019dc                W25Q32_erase4k
 *fill*         0x0000000008001a52        0x2 
 .text.vApplicationGetIdleTaskMemory
                0x0000000008001a54       0x34 ./Core/Src/freertos.o
                0x0000000008001a54                vApplicationGetIdleTaskMemory
 .text.main     0x0000000008001a88      0x120 ./Core/Src/main.o
                0x0000000008001a88                main
 .text.SystemClock_Config
                0x0000000008001ba8       0xbc ./Core/Src/main.o
                0x0000000008001ba8                SystemClock_Config
 .text.MX_I2C1_Init
                0x0000000008001c64       0x5c ./Core/Src/main.o
 .text.MX_SPI1_Init
                0x0000000008001cc0       0x6c ./Core/Src/main.o
 .text.MX_TIM3_Init
                0x0000000008001d2c       0x9c ./Core/Src/main.o
 .text.MX_USART1_UART_Init
                0x0000000008001dc8       0x54 ./Core/Src/main.o
 .text.MX_GPIO_Init
                0x0000000008001e1c       0xd0 ./Core/Src/main.o
 .text.uart_task
                0x0000000008001eec       0x78 ./Core/Src/main.o
                0x0000000008001eec                uart_task
 .text.w25qxx_task
                0x0000000008001f64      0x13c ./Core/Src/main.o
                0x0000000008001f64                w25qxx_task
 .text.ssd1306_task
                0x00000000080020a0       0x94 ./Core/Src/main.o
                0x00000000080020a0                ssd1306_task
 .text.Handle_Command
                0x0000000008002134       0xa4 ./Core/Src/main.o
                0x0000000008002134                Handle_Command
 .text.HAL_UART_RxCpltCallback
                0x00000000080021d8       0x68 ./Core/Src/main.o
                0x00000000080021d8                HAL_UART_RxCpltCallback
 .text.clear_uart_buf
                0x0000000008002240       0x28 ./Core/Src/main.o
                0x0000000008002240                clear_uart_buf
 .text.extract_data
                0x0000000008002268       0x40 ./Core/Src/main.o
                0x0000000008002268                extract_data
 .text.compress_data
                0x00000000080022a8       0x60 ./Core/Src/main.o
                0x00000000080022a8                compress_data
 .text.response
                0x0000000008002308       0x28 ./Core/Src/main.o
                0x0000000008002308                response
 .text.HAL_SPI_TxRxCpltCallback
                0x0000000008002330       0x30 ./Core/Src/main.o
                0x0000000008002330                HAL_SPI_TxRxCpltCallback
 .text.StartDefaultTask
                0x0000000008002360       0x10 ./Core/Src/main.o
                0x0000000008002360                StartDefaultTask
 .text.Error_Handler
                0x0000000008002370        0xa ./Core/Src/main.o
                0x0000000008002370                Error_Handler
 *fill*         0x000000000800237a        0x2 
 .text.HAL_MspInit
                0x000000000800237c       0x58 ./Core/Src/stm32f4xx_hal_msp.o
                0x000000000800237c                HAL_MspInit
 .text.HAL_I2C_MspInit
                0x00000000080023d4       0x90 ./Core/Src/stm32f4xx_hal_msp.o
                0x00000000080023d4                HAL_I2C_MspInit
 .text.HAL_SPI_MspInit
                0x0000000008002464       0xa0 ./Core/Src/stm32f4xx_hal_msp.o
                0x0000000008002464                HAL_SPI_MspInit
 .text.HAL_TIM_Base_MspInit
                0x0000000008002504       0x44 ./Core/Src/stm32f4xx_hal_msp.o
                0x0000000008002504                HAL_TIM_Base_MspInit
 .text.HAL_UART_MspInit
                0x0000000008002548       0xa0 ./Core/Src/stm32f4xx_hal_msp.o
                0x0000000008002548                HAL_UART_MspInit
 .text.NMI_Handler
                0x00000000080025e8        0x6 ./Core/Src/stm32f4xx_it.o
                0x00000000080025e8                NMI_Handler
 .text.HardFault_Handler
                0x00000000080025ee        0x6 ./Core/Src/stm32f4xx_it.o
                0x00000000080025ee                HardFault_Handler
 .text.MemManage_Handler
                0x00000000080025f4        0x6 ./Core/Src/stm32f4xx_it.o
                0x00000000080025f4                MemManage_Handler
 .text.BusFault_Handler
                0x00000000080025fa        0x6 ./Core/Src/stm32f4xx_it.o
                0x00000000080025fa                BusFault_Handler
 .text.UsageFault_Handler
                0x0000000008002600        0x6 ./Core/Src/stm32f4xx_it.o
                0x0000000008002600                UsageFault_Handler
 .text.DebugMon_Handler
                0x0000000008002606        0xe ./Core/Src/stm32f4xx_it.o
                0x0000000008002606                DebugMon_Handler
 .text.SysTick_Handler
                0x0000000008002614       0x1a ./Core/Src/stm32f4xx_it.o
                0x0000000008002614                SysTick_Handler
 *fill*         0x000000000800262e        0x2 
 .text.SPI1_IRQHandler
                0x0000000008002630       0x14 ./Core/Src/stm32f4xx_it.o
                0x0000000008002630                SPI1_IRQHandler
 .text.USART1_IRQHandler
                0x0000000008002644       0x14 ./Core/Src/stm32f4xx_it.o
                0x0000000008002644                USART1_IRQHandler
 .text._getpid  0x0000000008002658       0x10 ./Core/Src/syscalls.o
                0x0000000008002658                _getpid
 .text._kill    0x0000000008002668       0x20 ./Core/Src/syscalls.o
                0x0000000008002668                _kill
 .text._exit    0x0000000008002688       0x14 ./Core/Src/syscalls.o
                0x0000000008002688                _exit
 .text._read    0x000000000800269c       0x3a ./Core/Src/syscalls.o
                0x000000000800269c                _read
 .text._write   0x00000000080026d6       0x38 ./Core/Src/syscalls.o
                0x00000000080026d6                _write
 .text._close   0x000000000800270e       0x18 ./Core/Src/syscalls.o
                0x000000000800270e                _close
 .text._fstat   0x0000000008002726       0x20 ./Core/Src/syscalls.o
                0x0000000008002726                _fstat
 .text._isatty  0x0000000008002746       0x16 ./Core/Src/syscalls.o
                0x0000000008002746                _isatty
 .text._lseek   0x000000000800275c       0x1a ./Core/Src/syscalls.o
                0x000000000800275c                _lseek
 *fill*         0x0000000008002776        0x2 
 .text._sbrk    0x0000000008002778       0x6c ./Core/Src/sysmem.o
                0x0000000008002778                _sbrk
 .text.SystemInit
                0x00000000080027e4       0x24 ./Core/Src/system_stm32f4xx.o
                0x00000000080027e4                SystemInit
 .text.Reset_Handler
                0x0000000008002808       0x50 ./Core/Startup/startup_stm32f411ceux.o
                0x0000000008002808                Reset_Handler
 .text.Default_Handler
                0x0000000008002858        0x2 ./Core/Startup/startup_stm32f411ceux.o
                0x0000000008002858                RTC_Alarm_IRQHandler
                0x0000000008002858                EXTI2_IRQHandler
                0x0000000008002858                SPI4_IRQHandler
                0x0000000008002858                TIM1_CC_IRQHandler
                0x0000000008002858                DMA2_Stream5_IRQHandler
                0x0000000008002858                DMA1_Stream5_IRQHandler
                0x0000000008002858                PVD_IRQHandler
                0x0000000008002858                SDIO_IRQHandler
                0x0000000008002858                TAMP_STAMP_IRQHandler
                0x0000000008002858                EXTI3_IRQHandler
                0x0000000008002858                TIM1_UP_TIM10_IRQHandler
                0x0000000008002858                I2C3_ER_IRQHandler
                0x0000000008002858                EXTI0_IRQHandler
                0x0000000008002858                I2C2_EV_IRQHandler
                0x0000000008002858                DMA1_Stream2_IRQHandler
                0x0000000008002858                FPU_IRQHandler
                0x0000000008002858                DMA2_Stream2_IRQHandler
                0x0000000008002858                TIM1_BRK_TIM9_IRQHandler
                0x0000000008002858                DMA2_Stream3_IRQHandler
                0x0000000008002858                USART6_IRQHandler
                0x0000000008002858                DMA2_Stream0_IRQHandler
                0x0000000008002858                TIM4_IRQHandler
                0x0000000008002858                I2C1_EV_IRQHandler
                0x0000000008002858                DMA1_Stream6_IRQHandler
                0x0000000008002858                DMA1_Stream1_IRQHandler
                0x0000000008002858                TIM3_IRQHandler
                0x0000000008002858                RCC_IRQHandler
                0x0000000008002858                Default_Handler
                0x0000000008002858                EXTI15_10_IRQHandler
                0x0000000008002858                ADC_IRQHandler
                0x0000000008002858                DMA1_Stream7_IRQHandler
                0x0000000008002858                SPI5_IRQHandler
                0x0000000008002858                TIM5_IRQHandler
                0x0000000008002858                DMA2_Stream7_IRQHandler
                0x0000000008002858                I2C3_EV_IRQHandler
                0x0000000008002858                EXTI9_5_IRQHandler
                0x0000000008002858                RTC_WKUP_IRQHandler
                0x0000000008002858                SPI2_IRQHandler
                0x0000000008002858                DMA1_Stream0_IRQHandler
                0x0000000008002858                EXTI4_IRQHandler
                0x0000000008002858                WWDG_IRQHandler
                0x0000000008002858                TIM2_IRQHandler
                0x0000000008002858                OTG_FS_WKUP_IRQHandler
                0x0000000008002858                TIM1_TRG_COM_TIM11_IRQHandler
                0x0000000008002858                EXTI1_IRQHandler
                0x0000000008002858                USART2_IRQHandler
                0x0000000008002858                I2C2_ER_IRQHandler
                0x0000000008002858                DMA2_Stream1_IRQHandler
                0x0000000008002858                FLASH_IRQHandler
                0x0000000008002858                DMA2_Stream4_IRQHandler
                0x0000000008002858                OTG_FS_IRQHandler
                0x0000000008002858                SPI3_IRQHandler
                0x0000000008002858                DMA1_Stream4_IRQHandler
                0x0000000008002858                I2C1_ER_IRQHandler
                0x0000000008002858                DMA2_Stream6_IRQHandler
                0x0000000008002858                DMA1_Stream3_IRQHandler
 *fill*         0x000000000800285a        0x2 
 .text.HAL_Init
                0x000000000800285c       0x44 ./Drivers/STM32F4xx_HAL_Driver/Src/stm32f4xx_hal.o
                0x000000000800285c                HAL_Init
 .text.HAL_InitTick
                0x00000000080028a0       0x60 ./Drivers/STM32F4xx_HAL_Driver/Src/stm32f4xx_hal.o
                0x00000000080028a0                HAL_InitTick
 .text.HAL_IncTick
                0x0000000008002900       0x28 ./Drivers/STM32F4xx_HAL_Driver/Src/stm32f4xx_hal.o
                0x0000000008002900                HAL_IncTick
 .text.HAL_GetTick
                0x0000000008002928       0x18 ./Drivers/STM32F4xx_HAL_Driver/Src/stm32f4xx_hal.o
                0x0000000008002928                HAL_GetTick
 .text.HAL_Delay
                0x0000000008002940       0x48 ./Drivers/STM32F4xx_HAL_Driver/Src/stm32f4xx_hal.o
                0x0000000008002940                HAL_Delay
 .text.__NVIC_SetPriorityGrouping
                0x0000000008002988       0x48 ./Drivers/STM32F4xx_HAL_Driver/Src/stm32f4xx_hal_cortex.o
 .text.__NVIC_GetPriorityGrouping
                0x00000000080029d0       0x1c ./Drivers/STM32F4xx_HAL_Driver/Src/stm32f4xx_hal_cortex.o
 .text.__NVIC_EnableIRQ
                0x00000000080029ec       0x3c ./Drivers/STM32F4xx_HAL_Driver/Src/stm32f4xx_hal_cortex.o
 .text.__NVIC_SetPriority
                0x0000000008002a28       0x54 ./Drivers/STM32F4xx_HAL_Driver/Src/stm32f4xx_hal_cortex.o
 .text.NVIC_EncodePriority
                0x0000000008002a7c       0x66 ./Drivers/STM32F4xx_HAL_Driver/Src/stm32f4xx_hal_cortex.o
 *fill*         0x0000000008002ae2        0x2 
 .text.SysTick_Config
                0x0000000008002ae4       0x44 ./Drivers/STM32F4xx_HAL_Driver/Src/stm32f4xx_hal_cortex.o
 .text.HAL_NVIC_SetPriorityGrouping
                0x0000000008002b28       0x16 ./Drivers/STM32F4xx_HAL_Driver/Src/stm32f4xx_hal_cortex.o
                0x0000000008002b28                HAL_NVIC_SetPriorityGrouping
 .text.HAL_NVIC_SetPriority
                0x0000000008002b3e       0x38 ./Drivers/STM32F4xx_HAL_Driver/Src/stm32f4xx_hal_cortex.o
                0x0000000008002b3e                HAL_NVIC_SetPriority
 .text.HAL_NVIC_EnableIRQ
                0x0000000008002b76       0x1c ./Drivers/STM32F4xx_HAL_Driver/Src/stm32f4xx_hal_cortex.o
                0x0000000008002b76                HAL_NVIC_EnableIRQ
 .text.HAL_SYSTICK_Config
                0x0000000008002b92       0x18 ./Drivers/STM32F4xx_HAL_Driver/Src/stm32f4xx_hal_cortex.o
                0x0000000008002b92                HAL_SYSTICK_Config
 .text.HAL_DMA_Abort
                0x0000000008002baa       0xe0 ./Drivers/STM32F4xx_HAL_Driver/Src/stm32f4xx_hal_dma.o
                0x0000000008002baa                HAL_DMA_Abort
 .text.HAL_DMA_Abort_IT
                0x0000000008002c8a       0x44 ./Drivers/STM32F4xx_HAL_Driver/Src/stm32f4xx_hal_dma.o
                0x0000000008002c8a                HAL_DMA_Abort_IT
 *fill*         0x0000000008002cce        0x2 
 .text.HAL_GPIO_Init
                0x0000000008002cd0      0x308 ./Drivers/STM32F4xx_HAL_Driver/Src/stm32f4xx_hal_gpio.o
                0x0000000008002cd0                HAL_GPIO_Init
 .text.HAL_GPIO_WritePin
                0x0000000008002fd8       0x32 ./Drivers/STM32F4xx_HAL_Driver/Src/stm32f4xx_hal_gpio.o
                0x0000000008002fd8                HAL_GPIO_WritePin
 *fill*         0x000000000800300a        0x2 
 .text.HAL_I2C_Init
                0x000000000800300c      0x288 ./Drivers/STM32F4xx_HAL_Driver/Src/stm32f4xx_hal_i2c.o
                0x000000000800300c                HAL_I2C_Init
 .text.HAL_I2C_Mem_Write
                0x0000000008003294      0x1f4 ./Drivers/STM32F4xx_HAL_Driver/Src/stm32f4xx_hal_i2c.o
                0x0000000008003294                HAL_I2C_Mem_Write
 .text.I2C_RequestMemoryWrite
                0x0000000008003488      0x12c ./Drivers/STM32F4xx_HAL_Driver/Src/stm32f4xx_hal_i2c.o
 .text.I2C_WaitOnFlagUntilTimeout
                0x00000000080035b4       0xae ./Drivers/STM32F4xx_HAL_Driver/Src/stm32f4xx_hal_i2c.o
 .text.I2C_WaitOnMasterAddressFlagUntilTimeout
                0x0000000008003662       0xfe ./Drivers/STM32F4xx_HAL_Driver/Src/stm32f4xx_hal_i2c.o
 .text.I2C_WaitOnTXEFlagUntilTimeout
                0x0000000008003760       0x82 ./Drivers/STM32F4xx_HAL_Driver/Src/stm32f4xx_hal_i2c.o
 .text.I2C_WaitOnBTFFlagUntilTimeout
                0x00000000080037e2       0x82 ./Drivers/STM32F4xx_HAL_Driver/Src/stm32f4xx_hal_i2c.o
 .text.I2C_IsAcknowledgeFailed
                0x0000000008003864       0x5e ./Drivers/STM32F4xx_HAL_Driver/Src/stm32f4xx_hal_i2c.o
 *fill*         0x00000000080038c2        0x2 
 .text.HAL_RCC_OscConfig
                0x00000000080038c4      0x4f0 ./Drivers/STM32F4xx_HAL_Driver/Src/stm32f4xx_hal_rcc.o
                0x00000000080038c4                HAL_RCC_OscConfig
 .text.HAL_RCC_ClockConfig
                0x0000000008003db4      0x1cc ./Drivers/STM32F4xx_HAL_Driver/Src/stm32f4xx_hal_rcc.o
                0x0000000008003db4                HAL_RCC_ClockConfig
 .text.HAL_RCC_GetSysClockFreq
                0x0000000008003f80      0x18c ./Drivers/STM32F4xx_HAL_Driver/Src/stm32f4xx_hal_rcc.o
                0x0000000008003f80                HAL_RCC_GetSysClockFreq
 .text.HAL_RCC_GetHCLKFreq
                0x000000000800410c       0x18 ./Drivers/STM32F4xx_HAL_Driver/Src/stm32f4xx_hal_rcc.o
                0x000000000800410c                HAL_RCC_GetHCLKFreq
 .text.HAL_RCC_GetPCLK1Freq
                0x0000000008004124       0x28 ./Drivers/STM32F4xx_HAL_Driver/Src/stm32f4xx_hal_rcc.o
                0x0000000008004124                HAL_RCC_GetPCLK1Freq
 .text.HAL_RCC_GetPCLK2Freq
                0x000000000800414c       0x28 ./Drivers/STM32F4xx_HAL_Driver/Src/stm32f4xx_hal_rcc.o
                0x000000000800414c                HAL_RCC_GetPCLK2Freq
 .text.HAL_SPI_Init
                0x0000000008004174      0x112 ./Drivers/STM32F4xx_HAL_Driver/Src/stm32f4xx_hal_spi.o
                0x0000000008004174                HAL_SPI_Init
 *fill*         0x0000000008004286        0x2 
 .text.HAL_SPI_TransmitReceive_IT
                0x0000000008004288      0x128 ./Drivers/STM32F4xx_HAL_Driver/Src/stm32f4xx_hal_spi.o
                0x0000000008004288                HAL_SPI_TransmitReceive_IT
 .text.HAL_SPI_IRQHandler
                0x00000000080043b0      0x200 ./Drivers/STM32F4xx_HAL_Driver/Src/stm32f4xx_hal_spi.o
                0x00000000080043b0                HAL_SPI_IRQHandler
 .text.HAL_SPI_RxCpltCallback
                0x00000000080045b0       0x14 ./Drivers/STM32F4xx_HAL_Driver/Src/stm32f4xx_hal_spi.o
                0x00000000080045b0                HAL_SPI_RxCpltCallback
 .text.HAL_SPI_ErrorCallback
                0x00000000080045c4       0x14 ./Drivers/STM32F4xx_HAL_Driver/Src/stm32f4xx_hal_spi.o
                0x00000000080045c4                HAL_SPI_ErrorCallback
 .text.SPI_DMAAbortOnError
                0x00000000080045d8       0x28 ./Drivers/STM32F4xx_HAL_Driver/Src/stm32f4xx_hal_spi.o
 .text.SPI_2linesRxISR_8BIT
                0x0000000008004600       0x64 ./Drivers/STM32F4xx_HAL_Driver/Src/stm32f4xx_hal_spi.o
 .text.SPI_2linesTxISR_8BIT
                0x0000000008004664       0x60 ./Drivers/STM32F4xx_HAL_Driver/Src/stm32f4xx_hal_spi.o
 .text.SPI_2linesRxISR_16BIT
                0x00000000080046c4       0x60 ./Drivers/STM32F4xx_HAL_Driver/Src/stm32f4xx_hal_spi.o
 .text.SPI_2linesTxISR_16BIT
                0x0000000008004724       0x5e ./Drivers/STM32F4xx_HAL_Driver/Src/stm32f4xx_hal_spi.o
 *fill*         0x0000000008004782        0x2 
 .text.SPI_WaitFlagStateUntilTimeout
                0x0000000008004784      0x110 ./Drivers/STM32F4xx_HAL_Driver/Src/stm32f4xx_hal_spi.o
 .text.SPI_EndRxTxTransaction
                0x0000000008004894       0x84 ./Drivers/STM32F4xx_HAL_Driver/Src/stm32f4xx_hal_spi.o
 .text.SPI_CloseRxTx_ISR
                0x0000000008004918       0xe8 ./Drivers/STM32F4xx_HAL_Driver/Src/stm32f4xx_hal_spi.o
 .text.HAL_TIM_Base_Init
                0x0000000008004a00       0x9e ./Drivers/STM32F4xx_HAL_Driver/Src/stm32f4xx_hal_tim.o
                0x0000000008004a00                HAL_TIM_Base_Init
 .text.HAL_TIM_ConfigClockSource
                0x0000000008004a9e      0x18e ./Drivers/STM32F4xx_HAL_Driver/Src/stm32f4xx_hal_tim.o
                0x0000000008004a9e                HAL_TIM_ConfigClockSource
 .text.TIM_Base_SetConfig
                0x0000000008004c2c      0x100 ./Drivers/STM32F4xx_HAL_Driver/Src/stm32f4xx_hal_tim.o
                0x0000000008004c2c                TIM_Base_SetConfig
 .text.TIM_TI1_ConfigInputStage
                0x0000000008004d2c       0x5e ./Drivers/STM32F4xx_HAL_Driver/Src/stm32f4xx_hal_tim.o
 .text.TIM_TI2_ConfigInputStage
                0x0000000008004d8a       0x60 ./Drivers/STM32F4xx_HAL_Driver/Src/stm32f4xx_hal_tim.o
 .text.TIM_ITRx_SetConfig
                0x0000000008004dea       0x36 ./Drivers/STM32F4xx_HAL_Driver/Src/stm32f4xx_hal_tim.o
 .text.TIM_ETR_SetConfig
                0x0000000008004e20       0x40 ./Drivers/STM32F4xx_HAL_Driver/Src/stm32f4xx_hal_tim.o
                0x0000000008004e20                TIM_ETR_SetConfig
 .text.HAL_TIMEx_MasterConfigSynchronization
                0x0000000008004e60       0xdc ./Drivers/STM32F4xx_HAL_Driver/Src/stm32f4xx_hal_tim_ex.o
                0x0000000008004e60                HAL_TIMEx_MasterConfigSynchronization
 .text.HAL_UART_Init
                0x0000000008004f3c       0x9a ./Drivers/STM32F4xx_HAL_Driver/Src/stm32f4xx_hal_uart.o
                0x0000000008004f3c                HAL_UART_Init
 .text.HAL_UART_Transmit
                0x0000000008004fd6      0x124 ./Drivers/STM32F4xx_HAL_Driver/Src/stm32f4xx_hal_uart.o
                0x0000000008004fd6                HAL_UART_Transmit
 .text.HAL_UART_Receive_IT
                0x00000000080050fa       0x60 ./Drivers/STM32F4xx_HAL_Driver/Src/stm32f4xx_hal_uart.o
                0x00000000080050fa                HAL_UART_Receive_IT
 *fill*         0x000000000800515a        0x2 
 .text.HAL_UART_IRQHandler
                0x000000000800515c      0x51c ./Drivers/STM32F4xx_HAL_Driver/Src/stm32f4xx_hal_uart.o
                0x000000000800515c                HAL_UART_IRQHandler
 .text.HAL_UART_TxCpltCallback
                0x0000000008005678       0x14 ./Drivers/STM32F4xx_HAL_Driver/Src/stm32f4xx_hal_uart.o
                0x0000000008005678                HAL_UART_TxCpltCallback
 .text.HAL_UART_ErrorCallback
                0x000000000800568c       0x14 ./Drivers/STM32F4xx_HAL_Driver/Src/stm32f4xx_hal_uart.o
                0x000000000800568c                HAL_UART_ErrorCallback
 .text.HAL_UARTEx_RxEventCallback
                0x00000000080056a0       0x18 ./Drivers/STM32F4xx_HAL_Driver/Src/stm32f4xx_hal_uart.o
                0x00000000080056a0                HAL_UARTEx_RxEventCallback
 .text.UART_WaitOnFlagUntilTimeout
                0x00000000080056b8       0xdc ./Drivers/STM32F4xx_HAL_Driver/Src/stm32f4xx_hal_uart.o
 .text.UART_Start_Receive_IT
                0x0000000008005794       0x7c ./Drivers/STM32F4xx_HAL_Driver/Src/stm32f4xx_hal_uart.o
                0x0000000008005794                UART_Start_Receive_IT
 .text.UART_EndRxTransfer
                0x0000000008005810       0xc6 ./Drivers/STM32F4xx_HAL_Driver/Src/stm32f4xx_hal_uart.o
 .text.UART_DMAAbortOnError
                0x00000000080058d6       0x28 ./Drivers/STM32F4xx_HAL_Driver/Src/stm32f4xx_hal_uart.o
 .text.UART_Transmit_IT
                0x00000000080058fe       0xa0 ./Drivers/STM32F4xx_HAL_Driver/Src/stm32f4xx_hal_uart.o
 .text.UART_EndTransmit_IT
                0x000000000800599e       0x30 ./Drivers/STM32F4xx_HAL_Driver/Src/stm32f4xx_hal_uart.o
 .text.UART_Receive_IT
                0x00000000080059ce      0x176 ./Drivers/STM32F4xx_HAL_Driver/Src/stm32f4xx_hal_uart.o
 .text.UART_SetConfig
                0x0000000008005b44      0x4e8 ./Drivers/STM32F4xx_HAL_Driver/Src/stm32f4xx_hal_uart.o
 .text.makeFreeRtosPriority
                0x000000000800602c       0x30 ./Middlewares/Third_Party/FreeRTOS/Source/CMSIS_RTOS/cmsis_os.o
 .text.osKernelStart
                0x000000000800605c        0xe ./Middlewares/Third_Party/FreeRTOS/Source/CMSIS_RTOS/cmsis_os.o
                0x000000000800605c                osKernelStart
 .text.osThreadCreate
                0x000000000800606a       0x98 ./Middlewares/Third_Party/FreeRTOS/Source/CMSIS_RTOS/cmsis_os.o
                0x000000000800606a                osThreadCreate
 .text.osDelay  0x0000000008006102       0x28 ./Middlewares/Third_Party/FreeRTOS/Source/CMSIS_RTOS/cmsis_os.o
                0x0000000008006102                osDelay
 .text.vListInitialise
                0x000000000800612a       0x40 ./Middlewares/Third_Party/FreeRTOS/Source/list.o
                0x000000000800612a                vListInitialise
 .text.vListInitialiseItem
                0x000000000800616a       0x1a ./Middlewares/Third_Party/FreeRTOS/Source/list.o
                0x000000000800616a                vListInitialiseItem
 .text.vListInsertEnd
                0x0000000008006184       0x48 ./Middlewares/Third_Party/FreeRTOS/Source/list.o
                0x0000000008006184                vListInsertEnd
 .text.vListInsert
                0x00000000080061cc       0x72 ./Middlewares/Third_Party/FreeRTOS/Source/list.o
                0x00000000080061cc                vListInsert
 .text.uxListRemove
                0x000000000800623e       0x54 ./Middlewares/Third_Party/FreeRTOS/Source/list.o
                0x000000000800623e                uxListRemove
 *fill*         0x0000000008006292        0x2 
 .text.xQueueGenericReset
                0x0000000008006294       0xd0 ./Middlewares/Third_Party/FreeRTOS/Source/queue.o
                0x0000000008006294                xQueueGenericReset
 .text.xQueueGenericCreate
                0x0000000008006364       0x74 ./Middlewares/Third_Party/FreeRTOS/Source/queue.o
                0x0000000008006364                xQueueGenericCreate
 .text.prvInitialiseNewQueue
                0x00000000080063d8       0x3e ./Middlewares/Third_Party/FreeRTOS/Source/queue.o
 .text.prvInitialiseMutex
                0x0000000008006416       0x34 ./Middlewares/Third_Party/FreeRTOS/Source/queue.o
 .text.xQueueCreateMutex
                0x000000000800644a       0x30 ./Middlewares/Third_Party/FreeRTOS/Source/queue.o
                0x000000000800644a                xQueueCreateMutex
 *fill*         0x000000000800647a        0x2 
 .text.xQueueGenericSend
                0x000000000800647c      0x1fc ./Middlewares/Third_Party/FreeRTOS/Source/queue.o
                0x000000000800647c                xQueueGenericSend
 .text.xQueueReceive
                0x0000000008006678      0x1c0 ./Middlewares/Third_Party/FreeRTOS/Source/queue.o
                0x0000000008006678                xQueueReceive
 .text.xQueueSemaphoreTake
                0x0000000008006838      0x218 ./Middlewares/Third_Party/FreeRTOS/Source/queue.o
                0x0000000008006838                xQueueSemaphoreTake
 .text.uxQueueMessagesWaiting
                0x0000000008006a50       0x3c ./Middlewares/Third_Party/FreeRTOS/Source/queue.o
                0x0000000008006a50                uxQueueMessagesWaiting
 .text.prvGetDisinheritPriorityAfterTimeout
                0x0000000008006a8c       0x30 ./Middlewares/Third_Party/FreeRTOS/Source/queue.o
 .text.prvCopyDataToQueue
                0x0000000008006abc       0xd4 ./Middlewares/Third_Party/FreeRTOS/Source/queue.o
 .text.prvCopyDataFromQueue
                0x0000000008006b90       0x4c ./Middlewares/Third_Party/FreeRTOS/Source/queue.o
 .text.prvUnlockQueue
                0x0000000008006bdc       0xa4 ./Middlewares/Third_Party/FreeRTOS/Source/queue.o
 .text.prvIsQueueEmpty
                0x0000000008006c80       0x2c ./Middlewares/Third_Party/FreeRTOS/Source/queue.o
 .text.prvIsQueueFull
                0x0000000008006cac       0x30 ./Middlewares/Third_Party/FreeRTOS/Source/queue.o
 .text.xTaskCreateStatic
                0x0000000008006cdc       0xba ./Middlewares/Third_Party/FreeRTOS/Source/tasks.o
                0x0000000008006cdc                xTaskCreateStatic
 .text.xTaskCreate
                0x0000000008006d96       0x8a ./Middlewares/Third_Party/FreeRTOS/Source/tasks.o
                0x0000000008006d96                xTaskCreate
 .text.prvInitialiseNewTask
                0x0000000008006e20      0x10e ./Middlewares/Third_Party/FreeRTOS/Source/tasks.o
 *fill*         0x0000000008006f2e        0x2 
 .text.prvAddNewTaskToReadyList
                0x0000000008006f30       0xd4 ./Middlewares/Third_Party/FreeRTOS/Source/tasks.o
 .text.vTaskDelay
                0x0000000008007004       0x68 ./Middlewares/Third_Party/FreeRTOS/Source/tasks.o
                0x0000000008007004                vTaskDelay
 .text.vTaskStartScheduler
                0x000000000800706c       0xc0 ./Middlewares/Third_Party/FreeRTOS/Source/tasks.o
                0x000000000800706c                vTaskStartScheduler
 .text.vTaskSuspendAll
                0x000000000800712c       0x1c ./Middlewares/Third_Party/FreeRTOS/Source/tasks.o
                0x000000000800712c                vTaskSuspendAll
 .text.xTaskResumeAll
                0x0000000008007148      0x138 ./Middlewares/Third_Party/FreeRTOS/Source/tasks.o
                0x0000000008007148                xTaskResumeAll
 .text.xTaskIncrementTick
                0x0000000008007280      0x170 ./Middlewares/Third_Party/FreeRTOS/Source/tasks.o
                0x0000000008007280                xTaskIncrementTick
 .text.vTaskSwitchContext
                0x00000000080073f0       0xb8 ./Middlewares/Third_Party/FreeRTOS/Source/tasks.o
                0x00000000080073f0                vTaskSwitchContext
 .text.vTaskPlaceOnEventList
                0x00000000080074a8       0x48 ./Middlewares/Third_Party/FreeRTOS/Source/tasks.o
                0x00000000080074a8                vTaskPlaceOnEventList
 .text.xTaskRemoveFromEventList
                0x00000000080074f0       0xc4 ./Middlewares/Third_Party/FreeRTOS/Source/tasks.o
                0x00000000080074f0                xTaskRemoveFromEventList
 .text.vTaskInternalSetTimeOutState
                0x00000000080075b4       0x2c ./Middlewares/Third_Party/FreeRTOS/Source/tasks.o
                0x00000000080075b4                vTaskInternalSetTimeOutState
 .text.xTaskCheckForTimeOut
                0x00000000080075e0       0xc4 ./Middlewares/Third_Party/FreeRTOS/Source/tasks.o
                0x00000000080075e0                xTaskCheckForTimeOut
 .text.vTaskMissedYield
                0x00000000080076a4       0x18 ./Middlewares/Third_Party/FreeRTOS/Source/tasks.o
                0x00000000080076a4                vTaskMissedYield
 .text.prvIdleTask
                0x00000000080076bc       0x30 ./Middlewares/Third_Party/FreeRTOS/Source/tasks.o
 .text.prvInitialiseTaskLists
                0x00000000080076ec       0x80 ./Middlewares/Third_Party/FreeRTOS/Source/tasks.o
 .text.prvCheckTasksWaitingTermination
                0x000000000800776c       0x5c ./Middlewares/Third_Party/FreeRTOS/Source/tasks.o
 .text.prvDeleteTCB
                0x00000000080077c8       0x5e ./Middlewares/Third_Party/FreeRTOS/Source/tasks.o
 *fill*         0x0000000008007826        0x2 
 .text.prvResetNextTaskUnblockTime
                0x0000000008007828       0x40 ./Middlewares/Third_Party/FreeRTOS/Source/tasks.o
 .text.xTaskGetSchedulerState
                0x0000000008007868       0x3c ./Middlewares/Third_Party/FreeRTOS/Source/tasks.o
                0x0000000008007868                xTaskGetSchedulerState
 .text.xTaskPriorityInherit
                0x00000000080078a4       0xec ./Middlewares/Third_Party/FreeRTOS/Source/tasks.o
                0x00000000080078a4                xTaskPriorityInherit
 .text.xTaskPriorityDisinherit
                0x0000000008007990      0x10c ./Middlewares/Third_Party/FreeRTOS/Source/tasks.o
                0x0000000008007990                xTaskPriorityDisinherit
 .text.vTaskPriorityDisinheritAfterTimeout
                0x0000000008007a9c      0x11c ./Middlewares/Third_Party/FreeRTOS/Source/tasks.o
                0x0000000008007a9c                vTaskPriorityDisinheritAfterTimeout
 .text.pvTaskIncrementMutexHeldCount
                0x0000000008007bb8       0x28 ./Middlewares/Third_Party/FreeRTOS/Source/tasks.o
                0x0000000008007bb8                pvTaskIncrementMutexHeldCount
 .text.prvAddCurrentTaskToDelayedList
                0x0000000008007be0       0xcc ./Middlewares/Third_Party/FreeRTOS/Source/tasks.o
 .text.pxPortInitialiseStack
                0x0000000008007cac       0x68 ./Middlewares/Third_Party/FreeRTOS/Source/portable/GCC/ARM_CM4F/port.o
                0x0000000008007cac                pxPortInitialiseStack
 .text.prvTaskExitError
                0x0000000008007d14       0x58 ./Middlewares/Third_Party/FreeRTOS/Source/portable/GCC/ARM_CM4F/port.o
 *fill*         0x0000000008007d6c        0x4 
 .text.SVC_Handler
                0x0000000008007d70       0x28 ./Middlewares/Third_Party/FreeRTOS/Source/portable/GCC/ARM_CM4F/port.o
                0x0000000008007d70                SVC_Handler
 .text.prvPortStartFirstTask
                0x0000000008007d98       0x28 ./Middlewares/Third_Party/FreeRTOS/Source/portable/GCC/ARM_CM4F/port.o
 .text.xPortStartScheduler
                0x0000000008007dc0      0x144 ./Middlewares/Third_Party/FreeRTOS/Source/portable/GCC/ARM_CM4F/port.o
                0x0000000008007dc0                xPortStartScheduler
 .text.vPortEnterCritical
                0x0000000008007f04       0x60 ./Middlewares/Third_Party/FreeRTOS/Source/portable/GCC/ARM_CM4F/port.o
                0x0000000008007f04                vPortEnterCritical
 .text.vPortExitCritical
                0x0000000008007f64       0x54 ./Middlewares/Third_Party/FreeRTOS/Source/portable/GCC/ARM_CM4F/port.o
                0x0000000008007f64                vPortExitCritical
 *fill*         0x0000000008007fb8        0x8 
 .text.PendSV_Handler
                0x0000000008007fc0       0x68 ./Middlewares/Third_Party/FreeRTOS/Source/portable/GCC/ARM_CM4F/port.o
                0x0000000008007fc0                PendSV_Handler
 .text.xPortSysTickHandler
                0x0000000008008028       0x44 ./Middlewares/Third_Party/FreeRTOS/Source/portable/GCC/ARM_CM4F/port.o
                0x0000000008008028                xPortSysTickHandler
 .text.vPortSetupTimerInterrupt
                0x000000000800806c       0x48 ./Middlewares/Third_Party/FreeRTOS/Source/portable/GCC/ARM_CM4F/port.o
                0x000000000800806c                vPortSetupTimerInterrupt
 .text.vPortEnableVFP
                0x00000000080080b4       0x14 ./Middlewares/Third_Party/FreeRTOS/Source/portable/GCC/ARM_CM4F/port.o
 .text.pvPortMalloc
                0x00000000080080c8      0x198 ./Middlewares/Third_Party/FreeRTOS/Source/portable/MemMang/heap_4.o
                0x00000000080080c8                pvPortMalloc
 .text.vPortFree
                0x0000000008008260       0xc4 ./Middlewares/Third_Party/FreeRTOS/Source/portable/MemMang/heap_4.o
                0x0000000008008260                vPortFree
 .text.prvHeapInit
                0x0000000008008324       0xc4 ./Middlewares/Third_Party/FreeRTOS/Source/portable/MemMang/heap_4.o
 .text.prvInsertBlockIntoFreeList
                0x00000000080083e8       0xb4 ./Middlewares/Third_Party/FreeRTOS/Source/portable/MemMang/heap_4.o
 .text.__errno  0x000000000800849c        0xc d:/stm32 cubeide/stm32cubeide_1.12.0/stm32cubeide/plugins/com.st.stm32cube.ide.mcu.externaltools.gnu-tools-for-stm32.10.3-2021.10.win32_1.0.200.202301161003/tools/bin/../lib/gcc/arm-none-eabi/10.3.1/../../../../arm-none-eabi/lib/thumb/v7e-m+fp/hard\libc_nano.a(lib_a-errno.o)
                0x000000000800849c                __errno
 .text.__libc_init_array
                0x00000000080084a8       0x48 d:/stm32 cubeide/stm32cubeide_1.12.0/stm32cubeide/plugins/com.st.stm32cube.ide.mcu.externaltools.gnu-tools-for-stm32.10.3-2021.10.win32_1.0.200.202301161003/tools/bin/../lib/gcc/arm-none-eabi/10.3.1/../../../../arm-none-eabi/lib/thumb/v7e-m+fp/hard\libc_nano.a(lib_a-init.o)
                0x00000000080084a8                __libc_init_array
 .text.malloc   0x00000000080084f0       0x10 d:/stm32 cubeide/stm32cubeide_1.12.0/stm32cubeide/plugins/com.st.stm32cube.ide.mcu.externaltools.gnu-tools-for-stm32.10.3-2021.10.win32_1.0.200.202301161003/tools/bin/../lib/gcc/arm-none-eabi/10.3.1/../../../../arm-none-eabi/lib/thumb/v7e-m+fp/hard\libc_nano.a(lib_a-malloc.o)
                0x00000000080084f0                malloc
 .text.free     0x0000000008008500       0x10 d:/stm32 cubeide/stm32cubeide_1.12.0/stm32cubeide/plugins/com.st.stm32cube.ide.mcu.externaltools.gnu-tools-for-stm32.10.3-2021.10.win32_1.0.200.202301161003/tools/bin/../lib/gcc/arm-none-eabi/10.3.1/../../../../arm-none-eabi/lib/thumb/v7e-m+fp/hard\libc_nano.a(lib_a-malloc.o)
                0x0000000008008500                free
 .text.memcpy   0x0000000008008510       0x1c d:/stm32 cubeide/stm32cubeide_1.12.0/stm32cubeide/plugins/com.st.stm32cube.ide.mcu.externaltools.gnu-tools-for-stm32.10.3-2021.10.win32_1.0.200.202301161003/tools/bin/../lib/gcc/arm-none-eabi/10.3.1/../../../../arm-none-eabi/lib/thumb/v7e-m+fp/hard\libc_nano.a(lib_a-memcpy-stub.o)
                0x0000000008008510                memcpy
 .text.memmove  0x000000000800852c       0x34 d:/stm32 cubeide/stm32cubeide_1.12.0/stm32cubeide/plugins/com.st.stm32cube.ide.mcu.externaltools.gnu-tools-for-stm32.10.3-2021.10.win32_1.0.200.202301161003/tools/bin/../lib/gcc/arm-none-eabi/10.3.1/../../../../arm-none-eabi/lib/thumb/v7e-m+fp/hard\libc_nano.a(lib_a-memmove.o)
                0x000000000800852c                memmove
 .text.memset   0x0000000008008560       0x10 d:/stm32 cubeide/stm32cubeide_1.12.0/stm32cubeide/plugins/com.st.stm32cube.ide.mcu.externaltools.gnu-tools-for-stm32.10.3-2021.10.win32_1.0.200.202301161003/tools/bin/../lib/gcc/arm-none-eabi/10.3.1/../../../../arm-none-eabi/lib/thumb/v7e-m+fp/hard\libc_nano.a(lib_a-memset.o)
                0x0000000008008560                memset
 .text._free_r  0x0000000008008570       0x98 d:/stm32 cubeide/stm32cubeide_1.12.0/stm32cubeide/plugins/com.st.stm32cube.ide.mcu.externaltools.gnu-tools-for-stm32.10.3-2021.10.win32_1.0.200.202301161003/tools/bin/../lib/gcc/arm-none-eabi/10.3.1/../../../../arm-none-eabi/lib/thumb/v7e-m+fp/hard\libc_nano.a(lib_a-nano-freer.o)
                0x0000000008008570                _free_r
 .text.sbrk_aligned
                0x0000000008008608       0x40 d:/stm32 cubeide/stm32cubeide_1.12.0/stm32cubeide/plugins/com.st.stm32cube.ide.mcu.externaltools.gnu-tools-for-stm32.10.3-2021.10.win32_1.0.200.202301161003/tools/bin/../lib/gcc/arm-none-eabi/10.3.1/../../../../arm-none-eabi/lib/thumb/v7e-m+fp/hard\libc_nano.a(lib_a-nano-mallocr.o)
 .text._malloc_r
                0x0000000008008648       0xe8 d:/stm32 cubeide/stm32cubeide_1.12.0/stm32cubeide/plugins/com.st.stm32cube.ide.mcu.externaltools.gnu-tools-for-stm32.10.3-2021.10.win32_1.0.200.202301161003/tools/bin/../lib/gcc/arm-none-eabi/10.3.1/../../../../arm-none-eabi/lib/thumb/v7e-m+fp/hard\libc_nano.a(lib_a-nano-mallocr.o)
                0x0000000008008648                _malloc_r
 .text.__cvt    0x0000000008008730       0xc4 d:/stm32 cubeide/stm32cubeide_1.12.0/stm32cubeide/plugins/com.st.stm32cube.ide.mcu.externaltools.gnu-tools-for-stm32.10.3-2021.10.win32_1.0.200.202301161003/tools/bin/../lib/gcc/arm-none-eabi/10.3.1/../../../../arm-none-eabi/lib/thumb/v7e-m+fp/hard\libc_nano.a(lib_a-nano-vfprintf_float.o)
                0x0000000008008730                __cvt
 .text.__exponent
                0x00000000080087f4       0x7c d:/stm32 cubeide/stm32cubeide_1.12.0/stm32cubeide/plugins/com.st.stm32cube.ide.mcu.externaltools.gnu-tools-for-stm32.10.3-2021.10.win32_1.0.200.202301161003/tools/bin/../lib/gcc/arm-none-eabi/10.3.1/../../../../arm-none-eabi/lib/thumb/v7e-m+fp/hard\libc_nano.a(lib_a-nano-vfprintf_float.o)
                0x00000000080087f4                __exponent
 .text._printf_float
                0x0000000008008870      0x46c d:/stm32 cubeide/stm32cubeide_1.12.0/stm32cubeide/plugins/com.st.stm32cube.ide.mcu.externaltools.gnu-tools-for-stm32.10.3-2021.10.win32_1.0.200.202301161003/tools/bin/../lib/gcc/arm-none-eabi/10.3.1/../../../../arm-none-eabi/lib/thumb/v7e-m+fp/hard\libc_nano.a(lib_a-nano-vfprintf_float.o)
                0x0000000008008870                _printf_float
 .text._printf_common
                0x0000000008008cdc       0xda d:/stm32 cubeide/stm32cubeide_1.12.0/stm32cubeide/plugins/com.st.stm32cube.ide.mcu.externaltools.gnu-tools-for-stm32.10.3-2021.10.win32_1.0.200.202301161003/tools/bin/../lib/gcc/arm-none-eabi/10.3.1/../../../../arm-none-eabi/lib/thumb/v7e-m+fp/hard\libc_nano.a(lib_a-nano-vfprintf_i.o)
                0x0000000008008cdc                _printf_common
 *fill*         0x0000000008008db6        0x2 
 .text._printf_i
                0x0000000008008db8      0x24c d:/stm32 cubeide/stm32cubeide_1.12.0/stm32cubeide/plugins/com.st.stm32cube.ide.mcu.externaltools.gnu-tools-for-stm32.10.3-2021.10.win32_1.0.200.202301161003/tools/bin/../lib/gcc/arm-none-eabi/10.3.1/../../../../arm-none-eabi/lib/thumb/v7e-m+fp/hard\libc_nano.a(lib_a-nano-vfprintf_i.o)
                0x0000000008008db8                _printf_i
 .text._scanf_float
                0x0000000008009004      0x420 d:/stm32 cubeide/stm32cubeide_1.12.0/stm32cubeide/plugins/com.st.stm32cube.ide.mcu.externaltools.gnu-tools-for-stm32.10.3-2021.10.win32_1.0.200.202301161003/tools/bin/../lib/gcc/arm-none-eabi/10.3.1/../../../../arm-none-eabi/lib/thumb/v7e-m+fp/hard\libc_nano.a(lib_a-nano-vfscanf_float.o)
                0x0000000008009004                _scanf_float
 .text._sbrk_r  0x0000000008009424       0x20 d:/stm32 cubeide/stm32cubeide_1.12.0/stm32cubeide/plugins/com.st.stm32cube.ide.mcu.externaltools.gnu-tools-for-stm32.10.3-2021.10.win32_1.0.200.202301161003/tools/bin/../lib/gcc/arm-none-eabi/10.3.1/../../../../arm-none-eabi/lib/thumb/v7e-m+fp/hard\libc_nano.a(lib_a-sbrkr.o)
                0x0000000008009424                _sbrk_r
 .text.nanf     0x0000000008009444        0xc d:/stm32 cubeide/stm32cubeide_1.12.0/stm32cubeide/plugins/com.st.stm32cube.ide.mcu.externaltools.gnu-tools-for-stm32.10.3-2021.10.win32_1.0.200.202301161003/tools/bin/../lib/gcc/arm-none-eabi/10.3.1/../../../../arm-none-eabi/lib/thumb/v7e-m+fp/hard\libc_nano.a(lib_a-sf_nan.o)
                0x0000000008009444                nanf
 .text.sprintf  0x0000000008009450       0x40 d:/stm32 cubeide/stm32cubeide_1.12.0/stm32cubeide/plugins/com.st.stm32cube.ide.mcu.externaltools.gnu-tools-for-stm32.10.3-2021.10.win32_1.0.200.202301161003/tools/bin/../lib/gcc/arm-none-eabi/10.3.1/../../../../arm-none-eabi/lib/thumb/v7e-m+fp/hard\libc_nano.a(lib_a-sprintf.o)
                0x0000000008009450                siprintf
                0x0000000008009450                sprintf
 .text.sscanf   0x0000000008009490       0x58 d:/stm32 cubeide/stm32cubeide_1.12.0/stm32cubeide/plugins/com.st.stm32cube.ide.mcu.externaltools.gnu-tools-for-stm32.10.3-2021.10.win32_1.0.200.202301161003/tools/bin/../lib/gcc/arm-none-eabi/10.3.1/../../../../arm-none-eabi/lib/thumb/v7e-m+fp/hard\libc_nano.a(lib_a-sscanf.o)
                0x0000000008009490                siscanf
                0x0000000008009490                sscanf
 .text.__sread  0x00000000080094e8       0x22 d:/stm32 cubeide/stm32cubeide_1.12.0/stm32cubeide/plugins/com.st.stm32cube.ide.mcu.externaltools.gnu-tools-for-stm32.10.3-2021.10.win32_1.0.200.202301161003/tools/bin/../lib/gcc/arm-none-eabi/10.3.1/../../../../arm-none-eabi/lib/thumb/v7e-m+fp/hard\libc_nano.a(lib_a-stdio.o)
                0x00000000080094e8                __sread
 .text.__seofread
                0x000000000800950a        0x4 d:/stm32 cubeide/stm32cubeide_1.12.0/stm32cubeide/plugins/com.st.stm32cube.ide.mcu.externaltools.gnu-tools-for-stm32.10.3-2021.10.win32_1.0.200.202301161003/tools/bin/../lib/gcc/arm-none-eabi/10.3.1/../../../../arm-none-eabi/lib/thumb/v7e-m+fp/hard\libc_nano.a(lib_a-stdio.o)
                0x000000000800950a                __seofread
 .text.__swrite
                0x000000000800950e       0x38 d:/stm32 cubeide/stm32cubeide_1.12.0/stm32cubeide/plugins/com.st.stm32cube.ide.mcu.externaltools.gnu-tools-for-stm32.10.3-2021.10.win32_1.0.200.202301161003/tools/bin/../lib/gcc/arm-none-eabi/10.3.1/../../../../arm-none-eabi/lib/thumb/v7e-m+fp/hard\libc_nano.a(lib_a-stdio.o)
                0x000000000800950e                __swrite
 .text.__sseek  0x0000000008009546       0x24 d:/stm32 cubeide/stm32cubeide_1.12.0/stm32cubeide/plugins/com.st.stm32cube.ide.mcu.externaltools.gnu-tools-for-stm32.10.3-2021.10.win32_1.0.200.202301161003/tools/bin/../lib/gcc/arm-none-eabi/10.3.1/../../../../arm-none-eabi/lib/thumb/v7e-m+fp/hard\libc_nano.a(lib_a-stdio.o)
                0x0000000008009546                __sseek
 .text.__sclose
                0x000000000800956a        0x8 d:/stm32 cubeide/stm32cubeide_1.12.0/stm32cubeide/plugins/com.st.stm32cube.ide.mcu.externaltools.gnu-tools-for-stm32.10.3-2021.10.win32_1.0.200.202301161003/tools/bin/../lib/gcc/arm-none-eabi/10.3.1/../../../../arm-none-eabi/lib/thumb/v7e-m+fp/hard\libc_nano.a(lib_a-stdio.o)
                0x000000000800956a                __sclose
 .text.sulp     0x0000000008009572       0x38 d:/stm32 cubeide/stm32cubeide_1.12.0/stm32cubeide/plugins/com.st.stm32cube.ide.mcu.externaltools.gnu-tools-for-stm32.10.3-2021.10.win32_1.0.200.202301161003/tools/bin/../lib/gcc/arm-none-eabi/10.3.1/../../../../arm-none-eabi/lib/thumb/v7e-m+fp/hard\libc_nano.a(lib_a-strtod.o)
 *fill*         0x00000000080095aa        0x6 
 .text._strtod_l
                0x00000000080095b0      0xc0c d:/stm32 cubeide/stm32cubeide_1.12.0/stm32cubeide/plugins/com.st.stm32cube.ide.mcu.externaltools.gnu-tools-for-stm32.10.3-2021.10.win32_1.0.200.202301161003/tools/bin/../lib/gcc/arm-none-eabi/10.3.1/../../../../arm-none-eabi/lib/thumb/v7e-m+fp/hard\libc_nano.a(lib_a-strtod.o)
                0x00000000080095b0                _strtod_l
 .text._strtod_r
                0x000000000800a1bc        0xc d:/stm32 cubeide/stm32cubeide_1.12.0/stm32cubeide/plugins/com.st.stm32cube.ide.mcu.externaltools.gnu-tools-for-stm32.10.3-2021.10.win32_1.0.200.202301161003/tools/bin/../lib/gcc/arm-none-eabi/10.3.1/../../../../arm-none-eabi/lib/thumb/v7e-m+fp/hard\libc_nano.a(lib_a-strtod.o)
                0x000000000800a1bc                _strtod_r
 .text._strtol_l.constprop.0
                0x000000000800a1c8      0x104 d:/stm32 cubeide/stm32cubeide_1.12.0/stm32cubeide/plugins/com.st.stm32cube.ide.mcu.externaltools.gnu-tools-for-stm32.10.3-2021.10.win32_1.0.200.202301161003/tools/bin/../lib/gcc/arm-none-eabi/10.3.1/../../../../arm-none-eabi/lib/thumb/v7e-m+fp/hard\libc_nano.a(lib_a-strtol.o)
 .text._strtol_r
                0x000000000800a2cc        0x4 d:/stm32 cubeide/stm32cubeide_1.12.0/stm32cubeide/plugins/com.st.stm32cube.ide.mcu.externaltools.gnu-tools-for-stm32.10.3-2021.10.win32_1.0.200.202301161003/tools/bin/../lib/gcc/arm-none-eabi/10.3.1/../../../../arm-none-eabi/lib/thumb/v7e-m+fp/hard\libc_nano.a(lib_a-strtol.o)
                0x000000000800a2cc                _strtol_r
 .text._write_r
                0x000000000800a2d0       0x24 d:/stm32 cubeide/stm32cubeide_1.12.0/stm32cubeide/plugins/com.st.stm32cube.ide.mcu.externaltools.gnu-tools-for-stm32.10.3-2021.10.win32_1.0.200.202301161003/tools/bin/../lib/gcc/arm-none-eabi/10.3.1/../../../../arm-none-eabi/lib/thumb/v7e-m+fp/hard\libc_nano.a(lib_a-writer.o)
                0x000000000800a2d0                _write_r
 .text._close_r
                0x000000000800a2f4       0x20 d:/stm32 cubeide/stm32cubeide_1.12.0/stm32cubeide/plugins/com.st.stm32cube.ide.mcu.externaltools.gnu-tools-for-stm32.10.3-2021.10.win32_1.0.200.202301161003/tools/bin/../lib/gcc/arm-none-eabi/10.3.1/../../../../arm-none-eabi/lib/thumb/v7e-m+fp/hard\libc_nano.a(lib_a-closer.o)
                0x000000000800a2f4                _close_r
 .text.quorem   0x000000000800a314      0x116 d:/stm32 cubeide/stm32cubeide_1.12.0/stm32cubeide/plugins/com.st.stm32cube.ide.mcu.externaltools.gnu-tools-for-stm32.10.3-2021.10.win32_1.0.200.202301161003/tools/bin/../lib/gcc/arm-none-eabi/10.3.1/../../../../arm-none-eabi/lib/thumb/v7e-m+fp/hard\libc_nano.a(lib_a-dtoa.o)
 *fill*         0x000000000800a42a        0x6 
 .text._dtoa_r  0x000000000800a430      0xbdc d:/stm32 cubeide/stm32cubeide_1.12.0/stm32cubeide/plugins/com.st.stm32cube.ide.mcu.externaltools.gnu-tools-for-stm32.10.3-2021.10.win32_1.0.200.202301161003/tools/bin/../lib/gcc/arm-none-eabi/10.3.1/../../../../arm-none-eabi/lib/thumb/v7e-m+fp/hard\libc_nano.a(lib_a-dtoa.o)
                0x000000000800a430                _dtoa_r
 .text.rshift   0x000000000800b00c       0xa4 d:/stm32 cubeide/stm32cubeide_1.12.0/stm32cubeide/plugins/com.st.stm32cube.ide.mcu.externaltools.gnu-tools-for-stm32.10.3-2021.10.win32_1.0.200.202301161003/tools/bin/../lib/gcc/arm-none-eabi/10.3.1/../../../../arm-none-eabi/lib/thumb/v7e-m+fp/hard\libc_nano.a(lib_a-gdtoa-gethex.o)
 .text.__hexdig_fun
                0x000000000800b0b0       0x2a d:/stm32 cubeide/stm32cubeide_1.12.0/stm32cubeide/plugins/com.st.stm32cube.ide.mcu.externaltools.gnu-tools-for-stm32.10.3-2021.10.win32_1.0.200.202301161003/tools/bin/../lib/gcc/arm-none-eabi/10.3.1/../../../../arm-none-eabi/lib/thumb/v7e-m+fp/hard\libc_nano.a(lib_a-gdtoa-gethex.o)
                0x000000000800b0b0                __hexdig_fun
 *fill*         0x000000000800b0da        0x2 
 .text.__gethex
                0x000000000800b0dc      0x48c d:/stm32 cubeide/stm32cubeide_1.12.0/stm32cubeide/plugins/com.st.stm32cube.ide.mcu.externaltools.gnu-tools-for-stm32.10.3-2021.10.win32_1.0.200.202301161003/tools/bin/../lib/gcc/arm-none-eabi/10.3.1/../../../../arm-none-eabi/lib/thumb/v7e-m+fp/hard\libc_nano.a(lib_a-gdtoa-gethex.o)
                0x000000000800b0dc                __gethex
 .text.L_shift  0x000000000800b568       0x24 d:/stm32 cubeide/stm32cubeide_1.12.0/stm32cubeide/plugins/com.st.stm32cube.ide.mcu.externaltools.gnu-tools-for-stm32.10.3-2021.10.win32_1.0.200.202301161003/tools/bin/../lib/gcc/arm-none-eabi/10.3.1/../../../../arm-none-eabi/lib/thumb/v7e-m+fp/hard\libc_nano.a(lib_a-gdtoa-hexnan.o)
 .text.__match  0x000000000800b58c       0x28 d:/stm32 cubeide/stm32cubeide_1.12.0/stm32cubeide/plugins/com.st.stm32cube.ide.mcu.externaltools.gnu-tools-for-stm32.10.3-2021.10.win32_1.0.200.202301161003/tools/bin/../lib/gcc/arm-none-eabi/10.3.1/../../../../arm-none-eabi/lib/thumb/v7e-m+fp/hard\libc_nano.a(lib_a-gdtoa-hexnan.o)
                0x000000000800b58c                __match
 .text.__hexnan
                0x000000000800b5b4      0x138 d:/stm32 cubeide/stm32cubeide_1.12.0/stm32cubeide/plugins/com.st.stm32cube.ide.mcu.externaltools.gnu-tools-for-stm32.10.3-2021.10.win32_1.0.200.202301161003/tools/bin/../lib/gcc/arm-none-eabi/10.3.1/../../../../arm-none-eabi/lib/thumb/v7e-m+fp/hard\libc_nano.a(lib_a-gdtoa-hexnan.o)
                0x000000000800b5b4                __hexnan
 .text._localeconv_r
                0x000000000800b6ec        0x8 d:/stm32 cubeide/stm32cubeide_1.12.0/stm32cubeide/plugins/com.st.stm32cube.ide.mcu.externaltools.gnu-tools-for-stm32.10.3-2021.10.win32_1.0.200.202301161003/tools/bin/../lib/gcc/arm-none-eabi/10.3.1/../../../../arm-none-eabi/lib/thumb/v7e-m+fp/hard\libc_nano.a(lib_a-localeconv.o)
                0x000000000800b6ec                _localeconv_r
 .text._lseek_r
                0x000000000800b6f4       0x24 d:/stm32 cubeide/stm32cubeide_1.12.0/stm32cubeide/plugins/com.st.stm32cube.ide.mcu.externaltools.gnu-tools-for-stm32.10.3-2021.10.win32_1.0.200.202301161003/tools/bin/../lib/gcc/arm-none-eabi/10.3.1/../../../../arm-none-eabi/lib/thumb/v7e-m+fp/hard\libc_nano.a(lib_a-lseekr.o)
                0x000000000800b6f4                _lseek_r
 .text.__ascii_mbtowc
                0x000000000800b718       0x24 d:/stm32 cubeide/stm32cubeide_1.12.0/stm32cubeide/plugins/com.st.stm32cube.ide.mcu.externaltools.gnu-tools-for-stm32.10.3-2021.10.win32_1.0.200.202301161003/tools/bin/../lib/gcc/arm-none-eabi/10.3.1/../../../../arm-none-eabi/lib/thumb/v7e-m+fp/hard\libc_nano.a(lib_a-mbtowc_r.o)
                0x000000000800b718                __ascii_mbtowc
 .text.__malloc_lock
                0x000000000800b73c        0xc d:/stm32 cubeide/stm32cubeide_1.12.0/stm32cubeide/plugins/com.st.stm32cube.ide.mcu.externaltools.gnu-tools-for-stm32.10.3-2021.10.win32_1.0.200.202301161003/tools/bin/../lib/gcc/arm-none-eabi/10.3.1/../../../../arm-none-eabi/lib/thumb/v7e-m+fp/hard\libc_nano.a(lib_a-mlock.o)
                0x000000000800b73c                __malloc_lock
 .text.__malloc_unlock
                0x000000000800b748        0xc d:/stm32 cubeide/stm32cubeide_1.12.0/stm32cubeide/plugins/com.st.stm32cube.ide.mcu.externaltools.gnu-tools-for-stm32.10.3-2021.10.win32_1.0.200.202301161003/tools/bin/../lib/gcc/arm-none-eabi/10.3.1/../../../../arm-none-eabi/lib/thumb/v7e-m+fp/hard\libc_nano.a(lib_a-mlock.o)
                0x000000000800b748                __malloc_unlock
 .text._Balloc  0x000000000800b754       0x80 d:/stm32 cubeide/stm32cubeide_1.12.0/stm32cubeide/plugins/com.st.stm32cube.ide.mcu.externaltools.gnu-tools-for-stm32.10.3-2021.10.win32_1.0.200.202301161003/tools/bin/../lib/gcc/arm-none-eabi/10.3.1/../../../../arm-none-eabi/lib/thumb/v7e-m+fp/hard\libc_nano.a(lib_a-mprec.o)
                0x000000000800b754                _Balloc
 .text._Bfree   0x000000000800b7d4       0x44 d:/stm32 cubeide/stm32cubeide_1.12.0/stm32cubeide/plugins/com.st.stm32cube.ide.mcu.externaltools.gnu-tools-for-stm32.10.3-2021.10.win32_1.0.200.202301161003/tools/bin/../lib/gcc/arm-none-eabi/10.3.1/../../../../arm-none-eabi/lib/thumb/v7e-m+fp/hard\libc_nano.a(lib_a-mprec.o)
                0x000000000800b7d4                _Bfree
 .text.__multadd
                0x000000000800b818       0x8c d:/stm32 cubeide/stm32cubeide_1.12.0/stm32cubeide/plugins/com.st.stm32cube.ide.mcu.externaltools.gnu-tools-for-stm32.10.3-2021.10.win32_1.0.200.202301161003/tools/bin/../lib/gcc/arm-none-eabi/10.3.1/../../../../arm-none-eabi/lib/thumb/v7e-m+fp/hard\libc_nano.a(lib_a-mprec.o)
                0x000000000800b818                __multadd
 .text.__s2b    0x000000000800b8a4       0x94 d:/stm32 cubeide/stm32cubeide_1.12.0/stm32cubeide/plugins/com.st.stm32cube.ide.mcu.externaltools.gnu-tools-for-stm32.10.3-2021.10.win32_1.0.200.202301161003/tools/bin/../lib/gcc/arm-none-eabi/10.3.1/../../../../arm-none-eabi/lib/thumb/v7e-m+fp/hard\libc_nano.a(lib_a-mprec.o)
                0x000000000800b8a4                __s2b
 .text.__hi0bits
                0x000000000800b938       0x40 d:/stm32 cubeide/stm32cubeide_1.12.0/stm32cubeide/plugins/com.st.stm32cube.ide.mcu.externaltools.gnu-tools-for-stm32.10.3-2021.10.win32_1.0.200.202301161003/tools/bin/../lib/gcc/arm-none-eabi/10.3.1/../../../../arm-none-eabi/lib/thumb/v7e-m+fp/hard\libc_nano.a(lib_a-mprec.o)
                0x000000000800b938                __hi0bits
 .text.__lo0bits
                0x000000000800b978       0x5e d:/stm32 cubeide/stm32cubeide_1.12.0/stm32cubeide/plugins/com.st.stm32cube.ide.mcu.externaltools.gnu-tools-for-stm32.10.3-2021.10.win32_1.0.200.202301161003/tools/bin/../lib/gcc/arm-none-eabi/10.3.1/../../../../arm-none-eabi/lib/thumb/v7e-m+fp/hard\libc_nano.a(lib_a-mprec.o)
                0x000000000800b978                __lo0bits
 *fill*         0x000000000800b9d6        0x2 
 .text.__i2b    0x000000000800b9d8       0x2c d:/stm32 cubeide/stm32cubeide_1.12.0/stm32cubeide/plugins/com.st.stm32cube.ide.mcu.externaltools.gnu-tools-for-stm32.10.3-2021.10.win32_1.0.200.202301161003/tools/bin/../lib/gcc/arm-none-eabi/10.3.1/../../../../arm-none-eabi/lib/thumb/v7e-m+fp/hard\libc_nano.a(lib_a-mprec.o)
                0x000000000800b9d8                __i2b
 .text.__multiply
                0x000000000800ba04      0x154 d:/stm32 cubeide/stm32cubeide_1.12.0/stm32cubeide/plugins/com.st.stm32cube.ide.mcu.externaltools.gnu-tools-for-stm32.10.3-2021.10.win32_1.0.200.202301161003/tools/bin/../lib/gcc/arm-none-eabi/10.3.1/../../../../arm-none-eabi/lib/thumb/v7e-m+fp/hard\libc_nano.a(lib_a-mprec.o)
                0x000000000800ba04                __multiply
 .text.__pow5mult
                0x000000000800bb58       0xb4 d:/stm32 cubeide/stm32cubeide_1.12.0/stm32cubeide/plugins/com.st.stm32cube.ide.mcu.externaltools.gnu-tools-for-stm32.10.3-2021.10.win32_1.0.200.202301161003/tools/bin/../lib/gcc/arm-none-eabi/10.3.1/../../../../arm-none-eabi/lib/thumb/v7e-m+fp/hard\libc_nano.a(lib_a-mprec.o)
                0x000000000800bb58                __pow5mult
 .text.__lshift
                0x000000000800bc0c       0xe0 d:/stm32 cubeide/stm32cubeide_1.12.0/stm32cubeide/plugins/com.st.stm32cube.ide.mcu.externaltools.gnu-tools-for-stm32.10.3-2021.10.win32_1.0.200.202301161003/tools/bin/../lib/gcc/arm-none-eabi/10.3.1/../../../../arm-none-eabi/lib/thumb/v7e-m+fp/hard\libc_nano.a(lib_a-mprec.o)
                0x000000000800bc0c                __lshift
 .text.__mcmp   0x000000000800bcec       0x38 d:/stm32 cubeide/stm32cubeide_1.12.0/stm32cubeide/plugins/com.st.stm32cube.ide.mcu.externaltools.gnu-tools-for-stm32.10.3-2021.10.win32_1.0.200.202301161003/tools/bin/../lib/gcc/arm-none-eabi/10.3.1/../../../../arm-none-eabi/lib/thumb/v7e-m+fp/hard\libc_nano.a(lib_a-mprec.o)
                0x000000000800bcec                __mcmp
 .text.__mdiff  0x000000000800bd24      0x114 d:/stm32 cubeide/stm32cubeide_1.12.0/stm32cubeide/plugins/com.st.stm32cube.ide.mcu.externaltools.gnu-tools-for-stm32.10.3-2021.10.win32_1.0.200.202301161003/tools/bin/../lib/gcc/arm-none-eabi/10.3.1/../../../../arm-none-eabi/lib/thumb/v7e-m+fp/hard\libc_nano.a(lib_a-mprec.o)
                0x000000000800bd24                __mdiff
 .text.__ulp    0x000000000800be38       0x58 d:/stm32 cubeide/stm32cubeide_1.12.0/stm32cubeide/plugins/com.st.stm32cube.ide.mcu.externaltools.gnu-tools-for-stm32.10.3-2021.10.win32_1.0.200.202301161003/tools/bin/../lib/gcc/arm-none-eabi/10.3.1/../../../../arm-none-eabi/lib/thumb/v7e-m+fp/hard\libc_nano.a(lib_a-mprec.o)
                0x000000000800be38                __ulp
 .text.__b2d    0x000000000800be90       0xa0 d:/stm32 cubeide/stm32cubeide_1.12.0/stm32cubeide/plugins/com.st.stm32cube.ide.mcu.externaltools.gnu-tools-for-stm32.10.3-2021.10.win32_1.0.200.202301161003/tools/bin/../lib/gcc/arm-none-eabi/10.3.1/../../../../arm-none-eabi/lib/thumb/v7e-m+fp/hard\libc_nano.a(lib_a-mprec.o)
                0x000000000800be90                __b2d
 .text.__d2b    0x000000000800bf30       0xb8 d:/stm32 cubeide/stm32cubeide_1.12.0/stm32cubeide/plugins/com.st.stm32cube.ide.mcu.externaltools.gnu-tools-for-stm32.10.3-2021.10.win32_1.0.200.202301161003/tools/bin/../lib/gcc/arm-none-eabi/10.3.1/../../../../arm-none-eabi/lib/thumb/v7e-m+fp/hard\libc_nano.a(lib_a-mprec.o)
                0x000000000800bf30                __d2b
 .text.__ratio  0x000000000800bfe8       0x66 d:/stm32 cubeide/stm32cubeide_1.12.0/stm32cubeide/plugins/com.st.stm32cube.ide.mcu.externaltools.gnu-tools-for-stm32.10.3-2021.10.win32_1.0.200.202301161003/tools/bin/../lib/gcc/arm-none-eabi/10.3.1/../../../../arm-none-eabi/lib/thumb/v7e-m+fp/hard\libc_nano.a(lib_a-mprec.o)
                0x000000000800bfe8                __ratio
 .text.__copybits
                0x000000000800c04e       0x46 d:/stm32 cubeide/stm32cubeide_1.12.0/stm32cubeide/plugins/com.st.stm32cube.ide.mcu.externaltools.gnu-tools-for-stm32.10.3-2021.10.win32_1.0.200.202301161003/tools/bin/../lib/gcc/arm-none-eabi/10.3.1/../../../../arm-none-eabi/lib/thumb/v7e-m+fp/hard\libc_nano.a(lib_a-mprec.o)
                0x000000000800c04e                __copybits
 .text.__any_on
                0x000000000800c094       0x42 d:/stm32 cubeide/stm32cubeide_1.12.0/stm32cubeide/plugins/com.st.stm32cube.ide.mcu.externaltools.gnu-tools-for-stm32.10.3-2021.10.win32_1.0.200.202301161003/tools/bin/../lib/gcc/arm-none-eabi/10.3.1/../../../../arm-none-eabi/lib/thumb/v7e-m+fp/hard\libc_nano.a(lib_a-mprec.o)
                0x000000000800c094                __any_on
 .text._calloc_r
                0x000000000800c0d6       0x2c d:/stm32 cubeide/stm32cubeide_1.12.0/stm32cubeide/plugins/com.st.stm32cube.ide.mcu.externaltools.gnu-tools-for-stm32.10.3-2021.10.win32_1.0.200.202301161003/tools/bin/../lib/gcc/arm-none-eabi/10.3.1/../../../../arm-none-eabi/lib/thumb/v7e-m+fp/hard\libc_nano.a(lib_a-nano-callocr.o)
                0x000000000800c0d6                _calloc_r
 .text.__ssputs_r
                0x000000000800c102       0xb6 d:/stm32 cubeide/stm32cubeide_1.12.0/stm32cubeide/plugins/com.st.stm32cube.ide.mcu.externaltools.gnu-tools-for-stm32.10.3-2021.10.win32_1.0.200.202301161003/tools/bin/../lib/gcc/arm-none-eabi/10.3.1/../../../../arm-none-eabi/lib/thumb/v7e-m+fp/hard\libc_nano.a(lib_a-nano-svfprintf.o)
                0x000000000800c102                __ssputs_r
 .text._svfprintf_r
                0x000000000800c1b8      0x200 d:/stm32 cubeide/stm32cubeide_1.12.0/stm32cubeide/plugins/com.st.stm32cube.ide.mcu.externaltools.gnu-tools-for-stm32.10.3-2021.10.win32_1.0.200.202301161003/tools/bin/../lib/gcc/arm-none-eabi/10.3.1/../../../../arm-none-eabi/lib/thumb/v7e-m+fp/hard\libc_nano.a(lib_a-nano-svfprintf.o)
                0x000000000800c1b8                _svfiprintf_r
                0x000000000800c1b8                _svfprintf_r
 .text._sungetc_r
                0x000000000800c3b8       0x7a d:/stm32 cubeide/stm32cubeide_1.12.0/stm32cubeide/plugins/com.st.stm32cube.ide.mcu.externaltools.gnu-tools-for-stm32.10.3-2021.10.win32_1.0.200.202301161003/tools/bin/../lib/gcc/arm-none-eabi/10.3.1/../../../../arm-none-eabi/lib/thumb/v7e-m+fp/hard\libc_nano.a(lib_a-nano-svfscanf.o)
                0x000000000800c3b8                _sungetc_r
 .text.__ssrefill_r
                0x000000000800c432       0x3a d:/stm32 cubeide/stm32cubeide_1.12.0/stm32cubeide/plugins/com.st.stm32cube.ide.mcu.externaltools.gnu-tools-for-stm32.10.3-2021.10.win32_1.0.200.202301161003/tools/bin/../lib/gcc/arm-none-eabi/10.3.1/../../../../arm-none-eabi/lib/thumb/v7e-m+fp/hard\libc_nano.a(lib_a-nano-svfscanf.o)
                0x000000000800c432                __ssrefill_r
 .text.__ssvfscanf_r
                0x000000000800c46c      0x2f0 d:/stm32 cubeide/stm32cubeide_1.12.0/stm32cubeide/plugins/com.st.stm32cube.ide.mcu.externaltools.gnu-tools-for-stm32.10.3-2021.10.win32_1.0.200.202301161003/tools/bin/../lib/gcc/arm-none-eabi/10.3.1/../../../../arm-none-eabi/lib/thumb/v7e-m+fp/hard\libc_nano.a(lib_a-nano-svfscanf.o)
                0x000000000800c46c                __ssvfiscanf_r
                0x000000000800c46c                __ssvfscanf_r
 .text._scanf_chars
                0x000000000800c75c       0xb4 d:/stm32 cubeide/stm32cubeide_1.12.0/stm32cubeide/plugins/com.st.stm32cube.ide.mcu.externaltools.gnu-tools-for-stm32.10.3-2021.10.win32_1.0.200.202301161003/tools/bin/../lib/gcc/arm-none-eabi/10.3.1/../../../../arm-none-eabi/lib/thumb/v7e-m+fp/hard\libc_nano.a(lib_a-nano-vfscanf_i.o)
                0x000000000800c75c                _scanf_chars
 .text._scanf_i
                0x000000000800c810      0x1f0 d:/stm32 cubeide/stm32cubeide_1.12.0/stm32cubeide/plugins/com.st.stm32cube.ide.mcu.externaltools.gnu-tools-for-stm32.10.3-2021.10.win32_1.0.200.202301161003/tools/bin/../lib/gcc/arm-none-eabi/10.3.1/../../../../arm-none-eabi/lib/thumb/v7e-m+fp/hard\libc_nano.a(lib_a-nano-vfscanf_i.o)
                0x000000000800c810                _scanf_i
 .text._read_r  0x000000000800ca00       0x24 d:/stm32 cubeide/stm32cubeide_1.12.0/stm32cubeide/plugins/com.st.stm32cube.ide.mcu.externaltools.gnu-tools-for-stm32.10.3-2021.10.win32_1.0.200.202301161003/tools/bin/../lib/gcc/arm-none-eabi/10.3.1/../../../../arm-none-eabi/lib/thumb/v7e-m+fp/hard\libc_nano.a(lib_a-readr.o)
                0x000000000800ca00                _read_r
 *fill*         0x000000000800ca24        0x4 
 .text.nan      0x000000000800ca28       0x10 d:/stm32 cubeide/stm32cubeide_1.12.0/stm32cubeide/plugins/com.st.stm32cube.ide.mcu.externaltools.gnu-tools-for-stm32.10.3-2021.10.win32_1.0.200.202301161003/tools/bin/../lib/gcc/arm-none-eabi/10.3.1/../../../../arm-none-eabi/lib/thumb/v7e-m+fp/hard\libc_nano.a(lib_a-s_nan.o)
                0x000000000800ca28                nan
 .text.__sccl   0x000000000800ca38       0x70 d:/stm32 cubeide/stm32cubeide_1.12.0/stm32cubeide/plugins/com.st.stm32cube.ide.mcu.externaltools.gnu-tools-for-stm32.10.3-2021.10.win32_1.0.200.202301161003/tools/bin/../lib/gcc/arm-none-eabi/10.3.1/../../../../arm-none-eabi/lib/thumb/v7e-m+fp/hard\libc_nano.a(lib_a-sccl.o)
                0x000000000800ca38                __sccl
 .text.strncmp  0x000000000800caa8       0x28 d:/stm32 cubeide/stm32cubeide_1.12.0/stm32cubeide/plugins/com.st.stm32cube.ide.mcu.externaltools.gnu-tools-for-stm32.10.3-2021.10.win32_1.0.200.202301161003/tools/bin/../lib/gcc/arm-none-eabi/10.3.1/../../../../arm-none-eabi/lib/thumb/v7e-m+fp/hard\libc_nano.a(lib_a-strncmp.o)
                0x000000000800caa8                strncmp
 .text._strtoul_l.constprop.0
                0x000000000800cad0       0xe4 d:/stm32 cubeide/stm32cubeide_1.12.0/stm32cubeide/plugins/com.st.stm32cube.ide.mcu.externaltools.gnu-tools-for-stm32.10.3-2021.10.win32_1.0.200.202301161003/tools/bin/../lib/gcc/arm-none-eabi/10.3.1/../../../../arm-none-eabi/lib/thumb/v7e-m+fp/hard\libc_nano.a(lib_a-strtoul.o)
 .text._strtoul_r
                0x000000000800cbb4        0x4 d:/stm32 cubeide/stm32cubeide_1.12.0/stm32cubeide/plugins/com.st.stm32cube.ide.mcu.externaltools.gnu-tools-for-stm32.10.3-2021.10.win32_1.0.200.202301161003/tools/bin/../lib/gcc/arm-none-eabi/10.3.1/../../../../arm-none-eabi/lib/thumb/v7e-m+fp/hard\libc_nano.a(lib_a-strtoul.o)
                0x000000000800cbb4                _strtoul_r
 .text.__submore
                0x000000000800cbb8       0x74 d:/stm32 cubeide/stm32cubeide_1.12.0/stm32cubeide/plugins/com.st.stm32cube.ide.mcu.externaltools.gnu-tools-for-stm32.10.3-2021.10.win32_1.0.200.202301161003/tools/bin/../lib/gcc/arm-none-eabi/10.3.1/../../../../arm-none-eabi/lib/thumb/v7e-m+fp/hard\libc_nano.a(lib_a-ungetc.o)
                0x000000000800cbb8                __submore
 .text.__ascii_wctomb
                0x000000000800cc2c       0x1a d:/stm32 cubeide/stm32cubeide_1.12.0/stm32cubeide/plugins/com.st.stm32cube.ide.mcu.externaltools.gnu-tools-for-stm32.10.3-2021.10.win32_1.0.200.202301161003/tools/bin/../lib/gcc/arm-none-eabi/10.3.1/../../../../arm-none-eabi/lib/thumb/v7e-m+fp/hard\libc_nano.a(lib_a-wctomb_r.o)
                0x000000000800cc2c                __ascii_wctomb
 *fill*         0x000000000800cc46        0x2 
 .text.__assert_func
                0x000000000800cc48       0x3c d:/stm32 cubeide/stm32cubeide_1.12.0/stm32cubeide/plugins/com.st.stm32cube.ide.mcu.externaltools.gnu-tools-for-stm32.10.3-2021.10.win32_1.0.200.202301161003/tools/bin/../lib/gcc/arm-none-eabi/10.3.1/../../../../arm-none-eabi/lib/thumb/v7e-m+fp/hard\libc_nano.a(lib_a-assert.o)
                0x000000000800cc48                __assert_func
 .text.__sflush_r
                0x000000000800cc84      0x10c d:/stm32 cubeide/stm32cubeide_1.12.0/stm32cubeide/plugins/com.st.stm32cube.ide.mcu.externaltools.gnu-tools-for-stm32.10.3-2021.10.win32_1.0.200.202301161003/tools/bin/../lib/gcc/arm-none-eabi/10.3.1/../../../../arm-none-eabi/lib/thumb/v7e-m+fp/hard\libc_nano.a(lib_a-fflush.o)
                0x000000000800cc84                __sflush_r
 .text._fflush_r
                0x000000000800cd90       0x78 d:/stm32 cubeide/stm32cubeide_1.12.0/stm32cubeide/plugins/com.st.stm32cube.ide.mcu.externaltools.gnu-tools-for-stm32.10.3-2021.10.win32_1.0.200.202301161003/tools/bin/../lib/gcc/arm-none-eabi/10.3.1/../../../../arm-none-eabi/lib/thumb/v7e-m+fp/hard\libc_nano.a(lib_a-fflush.o)
                0x000000000800cd90                _fflush_r
 .text.std      0x000000000800ce08       0x48 d:/stm32 cubeide/stm32cubeide_1.12.0/stm32cubeide/plugins/com.st.stm32cube.ide.mcu.externaltools.gnu-tools-for-stm32.10.3-2021.10.win32_1.0.200.202301161003/tools/bin/../lib/gcc/arm-none-eabi/10.3.1/../../../../arm-none-eabi/lib/thumb/v7e-m+fp/hard\libc_nano.a(lib_a-findfp.o)
 .text._cleanup_r
                0x000000000800ce50        0xc d:/stm32 cubeide/stm32cubeide_1.12.0/stm32cubeide/plugins/com.st.stm32cube.ide.mcu.externaltools.gnu-tools-for-stm32.10.3-2021.10.win32_1.0.200.202301161003/tools/bin/../lib/gcc/arm-none-eabi/10.3.1/../../../../arm-none-eabi/lib/thumb/v7e-m+fp/hard\libc_nano.a(lib_a-findfp.o)
                0x000000000800ce50                _cleanup_r
 .text.__sfmoreglue
                0x000000000800ce5c       0x2c d:/stm32 cubeide/stm32cubeide_1.12.0/stm32cubeide/plugins/com.st.stm32cube.ide.mcu.externaltools.gnu-tools-for-stm32.10.3-2021.10.win32_1.0.200.202301161003/tools/bin/../lib/gcc/arm-none-eabi/10.3.1/../../../../arm-none-eabi/lib/thumb/v7e-m+fp/hard\libc_nano.a(lib_a-findfp.o)
                0x000000000800ce5c                __sfmoreglue
 .text.__sfp_lock_acquire
                0x000000000800ce88        0xc d:/stm32 cubeide/stm32cubeide_1.12.0/stm32cubeide/plugins/com.st.stm32cube.ide.mcu.externaltools.gnu-tools-for-stm32.10.3-2021.10.win32_1.0.200.202301161003/tools/bin/../lib/gcc/arm-none-eabi/10.3.1/../../../../arm-none-eabi/lib/thumb/v7e-m+fp/hard\libc_nano.a(lib_a-findfp.o)
                0x000000000800ce88                __sfp_lock_acquire
 .text.__sfp_lock_release
                0x000000000800ce94        0xc d:/stm32 cubeide/stm32cubeide_1.12.0/stm32cubeide/plugins/com.st.stm32cube.ide.mcu.externaltools.gnu-tools-for-stm32.10.3-2021.10.win32_1.0.200.202301161003/tools/bin/../lib/gcc/arm-none-eabi/10.3.1/../../../../arm-none-eabi/lib/thumb/v7e-m+fp/hard\libc_nano.a(lib_a-findfp.o)
                0x000000000800ce94                __sfp_lock_release
 .text.__sinit_lock_acquire
                0x000000000800cea0        0xc d:/stm32 cubeide/stm32cubeide_1.12.0/stm32cubeide/plugins/com.st.stm32cube.ide.mcu.externaltools.gnu-tools-for-stm32.10.3-2021.10.win32_1.0.200.202301161003/tools/bin/../lib/gcc/arm-none-eabi/10.3.1/../../../../arm-none-eabi/lib/thumb/v7e-m+fp/hard\libc_nano.a(lib_a-findfp.o)
                0x000000000800cea0                __sinit_lock_acquire
 .text.__sinit_lock_release
                0x000000000800ceac        0xc d:/stm32 cubeide/stm32cubeide_1.12.0/stm32cubeide/plugins/com.st.stm32cube.ide.mcu.externaltools.gnu-tools-for-stm32.10.3-2021.10.win32_1.0.200.202301161003/tools/bin/../lib/gcc/arm-none-eabi/10.3.1/../../../../arm-none-eabi/lib/thumb/v7e-m+fp/hard\libc_nano.a(lib_a-findfp.o)
                0x000000000800ceac                __sinit_lock_release
 .text.__sinit  0x000000000800ceb8       0x70 d:/stm32 cubeide/stm32cubeide_1.12.0/stm32cubeide/plugins/com.st.stm32cube.ide.mcu.externaltools.gnu-tools-for-stm32.10.3-2021.10.win32_1.0.200.202301161003/tools/bin/../lib/gcc/arm-none-eabi/10.3.1/../../../../arm-none-eabi/lib/thumb/v7e-m+fp/hard\libc_nano.a(lib_a-findfp.o)
                0x000000000800ceb8                __sinit
 .text.__sfp    0x000000000800cf28       0x8c d:/stm32 cubeide/stm32cubeide_1.12.0/stm32cubeide/plugins/com.st.stm32cube.ide.mcu.externaltools.gnu-tools-for-stm32.10.3-2021.10.win32_1.0.200.202301161003/tools/bin/../lib/gcc/arm-none-eabi/10.3.1/../../../../arm-none-eabi/lib/thumb/v7e-m+fp/hard\libc_nano.a(lib_a-findfp.o)
                0x000000000800cf28                __sfp
 .text.fprintf  0x000000000800cfb4       0x24 d:/stm32 cubeide/stm32cubeide_1.12.0/stm32cubeide/plugins/com.st.stm32cube.ide.mcu.externaltools.gnu-tools-for-stm32.10.3-2021.10.win32_1.0.200.202301161003/tools/bin/../lib/gcc/arm-none-eabi/10.3.1/../../../../arm-none-eabi/lib/thumb/v7e-m+fp/hard\libc_nano.a(lib_a-fprintf.o)
                0x000000000800cfb4                fiprintf
                0x000000000800cfb4                fprintf
 .text._fwalk_reent
                0x000000000800cfd8       0x3e d:/stm32 cubeide/stm32cubeide_1.12.0/stm32cubeide/plugins/com.st.stm32cube.ide.mcu.externaltools.gnu-tools-for-stm32.10.3-2021.10.win32_1.0.200.202301161003/tools/bin/../lib/gcc/arm-none-eabi/10.3.1/../../../../arm-none-eabi/lib/thumb/v7e-m+fp/hard\libc_nano.a(lib_a-fwalk.o)
                0x000000000800cfd8                _fwalk_reent
 .text.__retarget_lock_init_recursive
                0x000000000800d016        0x2 d:/stm32 cubeide/stm32cubeide_1.12.0/stm32cubeide/plugins/com.st.stm32cube.ide.mcu.externaltools.gnu-tools-for-stm32.10.3-2021.10.win32_1.0.200.202301161003/tools/bin/../lib/gcc/arm-none-eabi/10.3.1/../../../../arm-none-eabi/lib/thumb/v7e-m+fp/hard\libc_nano.a(lib_a-lock.o)
                0x000000000800d016                __retarget_lock_init_recursive
 .text.__retarget_lock_acquire_recursive
                0x000000000800d018        0x2 d:/stm32 cubeide/stm32cubeide_1.12.0/stm32cubeide/plugins/com.st.stm32cube.ide.mcu.externaltools.gnu-tools-for-stm32.10.3-2021.10.win32_1.0.200.202301161003/tools/bin/../lib/gcc/arm-none-eabi/10.3.1/../../../../arm-none-eabi/lib/thumb/v7e-m+fp/hard\libc_nano.a(lib_a-lock.o)
                0x000000000800d018                __retarget_lock_acquire_recursive
 .text.__retarget_lock_release_recursive
                0x000000000800d01a        0x2 d:/stm32 cubeide/stm32cubeide_1.12.0/stm32cubeide/plugins/com.st.stm32cube.ide.mcu.externaltools.gnu-tools-for-stm32.10.3-2021.10.win32_1.0.200.202301161003/tools/bin/../lib/gcc/arm-none-eabi/10.3.1/../../../../arm-none-eabi/lib/thumb/v7e-m+fp/hard\libc_nano.a(lib_a-lock.o)
                0x000000000800d01a                __retarget_lock_release_recursive
 .text._realloc_r
                0x000000000800d01c       0x5e d:/stm32 cubeide/stm32cubeide_1.12.0/stm32cubeide/plugins/com.st.stm32cube.ide.mcu.externaltools.gnu-tools-for-stm32.10.3-2021.10.win32_1.0.200.202301161003/tools/bin/../lib/gcc/arm-none-eabi/10.3.1/../../../../arm-none-eabi/lib/thumb/v7e-m+fp/hard\libc_nano.a(lib_a-nano-reallocr.o)
                0x000000000800d01c                _realloc_r
 .text.__sfputc_r
                0x000000000800d07a       0x2e d:/stm32 cubeide/stm32cubeide_1.12.0/stm32cubeide/plugins/com.st.stm32cube.ide.mcu.externaltools.gnu-tools-for-stm32.10.3-2021.10.win32_1.0.200.202301161003/tools/bin/../lib/gcc/arm-none-eabi/10.3.1/../../../../arm-none-eabi/lib/thumb/v7e-m+fp/hard\libc_nano.a(lib_a-nano-vfprintf.o)
 .text.__sfputs_r
                0x000000000800d0a8       0x24 d:/stm32 cubeide/stm32cubeide_1.12.0/stm32cubeide/plugins/com.st.stm32cube.ide.mcu.externaltools.gnu-tools-for-stm32.10.3-2021.10.win32_1.0.200.202301161003/tools/bin/../lib/gcc/arm-none-eabi/10.3.1/../../../../arm-none-eabi/lib/thumb/v7e-m+fp/hard\libc_nano.a(lib_a-nano-vfprintf.o)
                0x000000000800d0a8                __sfputs_r
 .text._vfprintf_r
                0x000000000800d0cc      0x260 d:/stm32 cubeide/stm32cubeide_1.12.0/stm32cubeide/plugins/com.st.stm32cube.ide.mcu.externaltools.gnu-tools-for-stm32.10.3-2021.10.win32_1.0.200.202301161003/tools/bin/../lib/gcc/arm-none-eabi/10.3.1/../../../../arm-none-eabi/lib/thumb/v7e-m+fp/hard\libc_nano.a(lib_a-nano-vfprintf.o)
                0x000000000800d0cc                _vfprintf_r
                0x000000000800d0cc                _vfiprintf_r
 .text.__swbuf_r
                0x000000000800d32c       0xa4 d:/stm32 cubeide/stm32cubeide_1.12.0/stm32cubeide/plugins/com.st.stm32cube.ide.mcu.externaltools.gnu-tools-for-stm32.10.3-2021.10.win32_1.0.200.202301161003/tools/bin/../lib/gcc/arm-none-eabi/10.3.1/../../../../arm-none-eabi/lib/thumb/v7e-m+fp/hard\libc_nano.a(lib_a-wbuf.o)
                0x000000000800d32c                __swbuf_r
 .text.__swsetup_r
                0x000000000800d3d0       0xdc d:/stm32 cubeide/stm32cubeide_1.12.0/stm32cubeide/plugins/com.st.stm32cube.ide.mcu.externaltools.gnu-tools-for-stm32.10.3-2021.10.win32_1.0.200.202301161003/tools/bin/../lib/gcc/arm-none-eabi/10.3.1/../../../../arm-none-eabi/lib/thumb/v7e-m+fp/hard\libc_nano.a(lib_a-wsetup.o)
                0x000000000800d3d0                __swsetup_r
 .text.abort    0x000000000800d4ac        0xe d:/stm32 cubeide/stm32cubeide_1.12.0/stm32cubeide/plugins/com.st.stm32cube.ide.mcu.externaltools.gnu-tools-for-stm32.10.3-2021.10.win32_1.0.200.202301161003/tools/bin/../lib/gcc/arm-none-eabi/10.3.1/../../../../arm-none-eabi/lib/thumb/v7e-m+fp/hard\libc_nano.a(lib_a-abort.o)
                0x000000000800d4ac                abort
 .text.__swhatbuf_r
                0x000000000800d4ba       0x4a d:/stm32 cubeide/stm32cubeide_1.12.0/stm32cubeide/plugins/com.st.stm32cube.ide.mcu.externaltools.gnu-tools-for-stm32.10.3-2021.10.win32_1.0.200.202301161003/tools/bin/../lib/gcc/arm-none-eabi/10.3.1/../../../../arm-none-eabi/lib/thumb/v7e-m+fp/hard\libc_nano.a(lib_a-makebuf.o)
                0x000000000800d4ba                __swhatbuf_r
 .text.__smakebuf_r