../Core/Src/main.c:127:5:main	56	static
../Core/Src/main.c:211:6:SystemClock_Config	88	static
../Core/Src/main.c:253:13:MX_I2C1_Init	8	static
../Core/Src/main.c:287:13:MX_SPI1_Init	8	static
../Core/Src/main.c:325:13:MX_TIM3_Init	32	static
../Core/Src/main.c:370:13:MX_USART1_UART_Init	8	static
../Core/Src/main.c:403:13:MX_GPIO_Init	40	static
../Core/Src/main.c:439:6:uart_task	8	static
../Core/Src/main.c:456:6:w25qxx_task	40	static
../Core/Src/main.c:475:6:ssd1306_task	16	static
../Core/Src/main.c:490:6:Handle_Command	32	static
../Core/Src/main.c:506:6:HAL_UART_RxCpltCallback	16	static
../Core/Src/main.c:517:6:clear_uart_buf	8	static
../Core/Src/main.c:522:6:extract_data	48	static
../Core/Src/main.c:527:6:compress_data	72	static
../Core/Src/main.c:532:6:response	16	static
../Core/Src/main.c:538:6:HAL_SPI_TxRxCpltCallback	16	static
../Core/Src/main.c:553:6:StartDefaultTask	16	static
../Core/Src/main.c:568:6:Error_Handler	4	static,ignoring_inline_asm
